GPIOï¿½ets Jul 29 2019 12:21:46

rst:0x1 (POWERON_RESET),boot:0x13 (SPI_FAST_FLASH_BOOT)
configsip: 0, SPIWP:0xee
clk_drv:0x00,q_drv:0x00,d_drv:0x00,cs0_drv:0x00,hd_drv:0x00,wp_drv:0x00
mode:DIO, clock div:2
load:0x3fff0030,len:7176
load:0x40078000,len:15564
ho 0 tail 12 room 4
load:0x40080400,len:4
load:0x40080404,len:3904
entry 0x40080640
[0;32mI (31) boot: ESP-IDF v5.3.1-dirty 2nd stage bootloader[0m
[0;32mI (31) boot: compile time Sep 18 2024 15:48:24[0m
[0;32mI (31) boot: Multicore bootloader[0m
[0;32mI (36) boot: chip revision: v3.0[0m
[0;32mI (40) boot.esp32: SPI Speed      : 40MHz[0m
[0;32mI (44) boot.esp32: SPI Mode       : DIO[0m
[0;32mI (49) boot.esp32: SPI Flash Size : 4MB[0m
[0;32mI (53) boot: Enabling RNG early entropy source...[0m
[0;32mI (59) boot: Partition Table:[0m
[0;32mI (62) boot: ## Label            Usage          Type ST Offset   Length[0m
[0;32mI (70) boot:  0 nvs              WiFi data        01 02 00009000 00006000[0m
[0;32mI (77) boot:  1 phy_init         RF data          01 01 0000f000 00001000[0m
[0;32mI (85) boot:  2 factory          factory app      00 00 00010000 00100000[0m
[0;32mI (92) boot: End of partition table[0m
[0;32mI (96) esp_image: segment 0: paddr=00010020 vaddr=3f400020 size=09744h ( 38724) map[0m
[0;32mI (118) esp_image: segment 1: paddr=0001976c vaddr=3ffb0000 size=02364h (  9060) load[0m
[0;32mI (122) esp_image: segment 2: paddr=0001bad8 vaddr=40080000 size=04540h ( 17728) load[0m
[0;32mI (131) esp_image: segment 3: paddr=00020020 vaddr=400d0020 size=14450h ( 83024) map[0m
[0;32mI (161) esp_image: segment 4: paddr=00034478 vaddr=40084540 size=088d0h ( 35024) load[0m
[0;32mI (181) boot: Loaded app from partition at offset 0x10000[0m
[0;32mI (181) boot: Disabling RNG early entropy source...[0m
[0;32mI (193) cpu_start: Multicore app[0m
[0;32mI (202) cpu_start: Pro cpu start user code[0m
[0;32mI (202) cpu_start: cpu freq: 160000000 Hz[0m
[0;32mI (202) app_init: Application information:[0m
[0;32mI (205) app_init: Project name:     interrupt[0m
[0;32mI (210) app_init: App version:      d31e004e-dirty[0m
[0;32mI (215) app_init: Compile time:     Sep 18 2024 15:48:06[0m
[0;32mI (221) app_init: ELF file SHA256:  0cde114ed...[0m
[0;32mI (226) app_init: ESP-IDF:          v5.3.1-dirty[0m
[0;32mI (232) efuse_init: Min chip rev:     v0.0[0m
[0;32mI (237) efuse_init: Max chip rev:     v3.99 [0m
[0;32mI (241) efuse_init: Chip rev:         v3.0[0m
[0;32mI (247) heap_init: Initializing. RAM available for dynamic allocation:[0m
[0;32mI (254) heap_init: At 3FFAE6E0 len 00001920 (6 KiB): DRAM[0m
[0;32mI (260) heap_init: At 3FFB2C30 len 0002D3D0 (180 KiB): DRAM[0m
[0;32mI (266) heap_init: At 3FFE0440 len 00003AE0 (14 KiB): D/IRAM[0m
[0;32mI (272) heap_init: At 3FFE4350 len 0001BCB0 (111 KiB): D/IRAM[0m
[0;32mI (279) heap_init: At 4008CE10 len 000131F0 (76 KiB): IRAM[0m
[0;32mI (286) spi_flash: detected chip: generic[0m
[0;32mI (289) spi_flash: flash io: dio[0m
[0;32mI (294) main_task: Started on CPU0[0m
[0;32mI (304) main_task: Calling app_main()[0m
GPIO interrupt example setup complete.
[0;32mI (304) main_task: Returned from app_main()[0m
GPIO[0] intr, LED ON
GPIO[0] LED OFF
GPIO[0] intr, LED ON
GPIO[0] LED OFF
Executing action: app-flash
Running ninja in directory /home/dnk133/Desktop/Nidhi/ESP32/2_Interrupt/build
Executing "ninja app-flash"...
[1/2] cd /home/dnk133/Desktop/Nidhi/ESP32/2_Interrupt/build/esp-idf/esptool_py && /home/dnk133/.espressif/python_env/idf5.3_py3.10_env/bin/python /home/dnk133/esp/v5.3.1/esp-idf/components/partition_table/check_sizes.py --offset 0x8000 partition --type app /home/dnk133/Desktop/Nidhi/ESP32/2_Interrupt/build/partition_table/partition-table.bin /home/dnk133/Desktop/Nidhi/ESP32/2_Interrupt/build/interrupt.bin
interrupt.bin binary size 0x2cd70 bytes. Smallest app partition is 0x100000 bytes. 0xd3290 bytes (82%) free.
[1/2] cd /home/dnk133/esp/v5.3.1/esp-idf/components/esptool_py && /home/dnk133/.espressif/tools/cmake/3.24.0/bin/cmake -D IDF_PATH=/home/dnk133/esp/v5.3.1/esp-idf -D "SERIAL_TOOL=/home/dnk133/.espressif/python_env/idf5.3_py3.10_env/bin/python;;/home/dnk133/esp/v5.3.1/esp-idf/components/esptool_py/esptool/esptool.py;--chip;esp32" -D "SERIAL_TOOL_ARGS=--before=default_reset;--after=hard_reset;write_flash;@app-flash_args" -D WORKING_DIRECTORY=/home/dnk133/Desktop/Nidhi/ESP32/2_Interrupt/build -P /home/dnk133/esp/v5.3.1/esp-idf/components/esptool_py/run_serial_tool.cmake
esptool.py --chip esp32 -p /dev/ttyUSB0 -b 460800 --before=default_reset --after=hard_reset write_flash --flash_mode dio --flash_freq 40m --flash_size 4MB 0x10000 interrupt.bin
esptool.py v4.8.dev5
Serial port /dev/ttyUSB0
Connecting.....
Chip is ESP32-D0WD-V3 (revision v3.0)
Features: WiFi, BT, Dual Core, 240MHz, VRef calibration in efuse, Coding Scheme None
Crystal is 40MHz
MAC: c8:f0:9e:50:58:5c
Uploading stub...
Running stub...
Stub running...
Changing baud rate to 460800
Changed.
Configuring flash size...
Flash will be erased from 0x00010000 to 0x0003cfff...
Compressed 183664 bytes to 98099...
Writing at 0x00010000... (16 %)
Writing at 0x0001c3e4... (33 %)
Writing at 0x00021e9e... (50 %)
Writing at 0x00027ba2... (66 %)
Writing at 0x0002f351... (83 %)
Writing at 0x000367b4... (100 %)
Wrote 183664 bytes (98099 compressed) at 0x00010000 in 3.0 seconds (effective 491.6 kbit/s)...
Hash of data verified.

Leaving...
Hard resetting via RTS pin...
Done
_init: ESP-IDF:          v5.3.1-dirty[0m
[0;32mI (232) efuse_init: Min chip rev:     v0.0[0m
[0;32mI (237) efuse_init: Max chip rev:     v3.99 [0m
[0;32mI (241) efuse_init: Chip rev:         v3.0[0m
[0;32mI (247) heap_init: Initializing. RAM available for dynamic allocation:[0m
[0;32mI (254) heap_init: At 3FFAE6E0 len 00001920 (6 KiB): DRAM[0m
[0;32mI (260) heap_init: At 3FFB2C30 len 0002D3D0 (180 KiB): DRAM[0m
[0;32mI (266) heap_init: At 3FFE0440 len 00003AE0 (14 KiB): D/IRAM[0m
[0;32mI (272) heap_init: At 3FFE4350 len 0001BCB0 (111 KiB): D/IRAM[0m
[0;32mI (279) heap_init: At 4008CE10 len 000131F0 (76 KiB): IRAM[0m
[0;32mI (286) spi_flash: detected chip: generic[0m
[0;32mI (289) spi_flash: flash io: dio[0m
[0;32mI (294) main_task: Started on CPU0[0m
[0;32mI (304) main_task: Calling app_main()[0m
GPIO interrupt example setup complete.
[0;32mI (304) main_task: Returned from app_main()[0m
GPIO[0] intr, LED ON
GPIO[0] LED OFF
GPIO[0] intr, LED ON
GPIO[0] LED OFF
