iï¿½Jï¿½ï¿½ï¿½ï¿½ chip revision: v3.0[0m
[0;32mI (39)ï¿½ets Jul 29 2019 12:21:46

rst:0x1 (POWERON_RESET),boot:0x13 (SPI_FAST_FLASH_BOOT)
configsip: 0, SPIWP:0xee
clk_drv:0x00,q_drv:0x00,d_drv:0x00,cs0_drv:0x00,hd_drv:0x00,wp_drv:0x00
mode:DIO, clock div:2
load:0x3fff0030,len:7176
load:0x40078000,len:15564
ho 0 tail 12 room 4
load:0x40080400,len:4
load:0x40080404,len:3904
entry 0x40080640
[0;32mI (31) boot: ESP-IDF v5.3 2nd stage bootloader[0m
[0;32mI (31) boot: compile time Sep  6 2024 10:27:03[0m
[0;32mI (31) boot: Multicore bootloader[0m
[0;32mI (35) boot: chip revision: v3.0[0m
[0;32mI (39) boot.esp32: SPI Speed      : 40MHz[0m
[0;32mI (44) boot.esp32: SPI Mode       : DIO[0m
[0;32mI (48) boot.esp32: SPI Flash Size : 2MB[0m
[0;32mI (53) boot: Enabling RNG early entropy source...[0m
[0;32mI (58) boot: Partition Table:[0m
[0;32mI (62) boot: ## Label            Usage          Type ST Offset   Length[0m
[0;32mI (69) boot:  0 nvs              WiFi data        01 02 00009000 00006000[0m
[0;32mI (76) boot:  1 phy_init         RF data          01 01 0000f000 00001000[0m
[0;32mI (84) boot:  2 factory          factory app      00 00 00010000 00100000[0m
[0;32mI (91) boot: End of partition table[0m
[0;32mI (96) esp_image: segment 0: paddr=00010020 vaddr=3f400020 size=0aa54h ( 43604) map[0m
[0;32mI (119) esp_image: segment 1: paddr=0001aa7c vaddr=3ffb0000 size=02354h (  9044) load[0m
[0;32mI (123) esp_image: segment 2: paddr=0001cdd8 vaddr=40080000 size=03240h ( 12864) load[0m
[0;32mI (130) esp_image: segment 3: paddr=00020020 vaddr=400d0020 size=163dch ( 91100) map[0m
[0;32mI (165) esp_image: segment 4: paddr=00036404 vaddr=40083240 size=0a824h ( 43044) load[0m
[0;32mI (189) boot: Loaded app from partition at offset 0x10000[0m
[0;32mI (189) boot: Disabling RNG early entropy source...[0m
[0;32mI (200) cpu_start: Multicore app[0m
[0;32mI (209) cpu_start: Pro cpu start user code[0m
[0;32mI (209) cpu_start: cpu freq: 160000000 Hz[0m
[0;32mI (209) app_init: Application information:[0m
[0;32mI (212) app_init: Project name:     main[0m
[0;32mI (216) app_init: App version:      1[0m
[0;32mI (221) app_init: Compile time:     Sep  6 2024 10:25:03[0m
[0;32mI (227) app_init: ELF file SHA256:  17b1bfe4a...[0m
[0;32mI (232) app_init: ESP-IDF:          v5.3[0m
[0;32mI (237) efuse_init: Min chip rev:     v0.0[0m
[0;32mI (241) efuse_init: Max chip rev:     v3.99 [0m
[0;32mI (246) efuse_init: Chip rev:         v3.0[0m
[0;32mI (252) heap_init: Initializing. RAM available for dynamic allocation:[0m
[0;32mI (259) heap_init: At 3FFAE6E0 len 00001920 (6 KiB): DRAM[0m
[0;32mI (265) heap_init: At 3FFB2C20 len 0002D3E0 (180 KiB): DRAM[0m
[0;32mI (271) heap_init: At 3FFE0440 len 00003AE0 (14 KiB): D/IRAM[0m
[0;32mI (277) heap_init: At 3FFE4350 len 0001BCB0 (111 KiB): D/IRAM[0m
[0;32mI (284) heap_init: At 4008DA64 len 0001259C (73 KiB): IRAM[0m
[0;32mI (291) spi_flash: detected chip: generic[0m
[0;32mI (294) spi_flash: flash io: dio[0m
[0;33mW (298) spi_flash: Detected size(4096k) larger than the size in the binary image header(2048k). Using the size in the binary image header.[0m
[0;32mI (312) [0;32mI (322) main_task: Returned from app_main()[0m
[0;32mI (9882) uart_led_control:  Received: 1[0m
[0;32mI (9882) uart_led_control: LED ON[0m
[0;32mI (13912) uart_led_control:  Received: 0[0m
[0;32mI (13912) uart_led_control: LED OFF[0m
[0;32mI (17172) uart_led_control:  Received: 1[0m
[0;32mI (17172) uart_led_control: LED ON[0m
[0;32mI (20692) uart_led_control:  Received: 0[0m
[0;32mI (20692) uart_led_control: LED OFF[0m
[0;32mI (44982) uart_led_control:  Received: 1[0m
[0;32mI (44982) uart_led_control: LED ON[0m
[0;32mI (46492) uart_led_control:  Received: 0[0m
[0;32mI (46492) uart_led_control: LED OFF[0m
[0;32mI (140832) uart_led_control:  Received: 1[0m
[0;32mI (140832) uart_led_control: LED ON[0m
[0;32mI (143552) uart_led_control:  Received: 0[0m
[0;32mI (143552) uart_led_control: LED OFF[0m
[0;32mI (146982) uart_led_control:  Received: 1[0m
[0;32mI (146982) uart_led_control: LED ON[0m
[0;32mI (147892) uart_led_control:  Received: 0[0m
[0;32mI (147892) uart_led_control: LED OFF[0m
[0;32mI (148802) uart_led_control:  Received: 1[0m
[0;32mI (148802) uart_led_control: LED ON[0m
[0;32mI (149302) uart_led_control:  Received: 0[0m
[0;32mI (149302) uart_led_control: LED OFF[0m
[0;32mI (149712) uart_led_control:  Received: 1[0m
[0;32mI (149712) uart_led_control: LED ON[0m
[0;32mI (150212) uart_led_control:  Received: 0[0m
[0;32mI (150212) uart_led_control: LED OFF[0m
[0;32mI (150622) uart_led_control:  Received: 1[0m
[0;32mI (150622) uart_led_control: LED ON[0m
[0;32mI (151122) uart_led_control:  Received: 0[0m
[0;32mI (151122) uart_led_control: LED OFF[0m
[0;32mI (151522) uart_led_control:  Received: 1[0m
[0;32mI (151522) uart_led_control: LED ON[0m
[0;32mI (151932) uart_led_control:  Received: 0[0m
[0;32mI (151932) uart_led_control: LED OFF[0m
