MJï¿½ï¿½ï¿½ï¿½ chip revision: v3.0[0m
[0;32mI (39ï¿½ets Jul 29 2019 12:21:46

rst:0x1 (POWERON_RESET),boot:0x13 (SPI_FAST_FLASH_BOOT)
configsip: 0, SPIWP:0xee
clk_drv:0x00,q_drv:0x00,d_drv:0x00,cs0_drv:0x00,hd_drv:0x00,wp_drv:0x00
mode:DIO, clock div:2
load:0x3fff0030,len:7176
load:0x40078000,len:15564
ho 0 tail 12 room 4
load:0x40080400,len:4
load:0x40080404,len:3904
entry 0x40080640
[0;32mI (31) boot: ESP-IDF v5.3 2nd stage bootloader[0m
[0;32mI (31) boot: compile time Sep  6 2024 10:27:03[0m
[0;32mI (31) boot: Multicore bootloader[0m
[0;32mI (35) boot: chip revision: v3.0[0m
[0;32mI (39) boot.esp32: SPI Speed      : 40MHz[0m
[0;32mI (44) boot.esp32: SPI Mode       : DIO[0m
[0;32mI (48) boot.esp32: SPI Flash Size : 2MB[0m
[0;32mI (53) boot: Enabling RNG early entropy source...[0m
[0;32mI (58) boot: Partition Table:[0m
[0;32mI (62) boot: ## Label            Usage          Type ST Offset   Length[0m
[0;32mI (69) boot:  0 nvs              WiFi data        01 02 00009000 00006000[0m
[0;32mI (76) boot:  1 phy_init         RF data          01 01 0000f000 00001000[0m
[0;32mI (84) boot:  2 factory          factory app      00 00 00010000 00100000[0m
[0;32mI (91) boot: End of partition table[0m
[0;32mI (96) esp_image: segment 0: paddr=00010020 vaddr=3f400020 size=0aa54h ( 43604) map[0m
[0;32mI (119) esp_image: segment 1: paddr=0001aa7c vaddr=3ffb0000 size=02354h (  9044) load[0m
[0;32mI (123) esp_image: segment 2: paddr=0001cdd8 vaddr=40080000 size=03240h ( 12864) load[0m
[0;32mI (130) esp_image: segment 3: paddr=00020020 vaddr=400d0020 size=163dch ( 91100) map[0m
[0;32mI (165) esp_image: segment 4: paddr=00036404 vaddr=40083240 size=0a824h ( 43044) load[0m
[0;32mI (189) boot: Loaded app from partition at offset 0x10000[0m
[0;32mI (189) boot: Disabling RNG early entropy source...[0m
[0;32mI (200) cpu_start: Multicore app[0m
[0;32mI (209) cpu_start: Pro cpu start user code[0m
[0;32mI (209) cpu_start: cpu freq: 160000000 Hz[0m
[0;32mI (209) app_init: Application information:[0m
[0;32mI (212) app_init: Project name:     main[0m
[0;32mI (216) app_init: App version:      1[0m
[0;32mI (221) app_init: Compile time:     Sep  6 2024 10:25:03[0m
[0;32mI (227) app_init: ELF file SHA256:  9801431ef...[0m
[0;32mI (232) app_init: ESP-IDF:          v5.3[0m
[0;32mI (237) efuse_init: Min chip rev:     v0.0[0m
[0;32mI (241) efuse_init: Max chip rev:     v3.99 [0m
[0;32mI (246) efuse_init: Chip rev:         v3.0[0m
[0;32mI (252) heap_init: Initializing. RAM available for dynamic allocation:[0m
[0;32mI (259) heap_init: At 3FFAE6E0 len 00001920 (6 KiB): DRAM[0m
[0;32mI (265) heap_init: At 3FFB2C20 len 0002D3E0 (180 KiB): DRAM[0m
[0;32mI (271) heap_init: At 3FFE0440 len 00003AE0 (14 KiB): D/IRAM[0m
[0;32mI (277) heap_init: At 3FFE4350 len 0001BCB0 (111 KiB): D/IRAM[0m
[0;32mI (284) heap_init: At 4008DA64 len 0001259C (73 KiB): IRAM[0m
[0;32mI (291) spi_flash: detected chip: generic[0m
[0;32mI (294) spi_flash: flash io: dio[0m
[0;33mW (298) spi_flash: Detected size(4096k) larger than the size in the binary image header(2048k). Using the size in the binary image header.[0m
[0;32mI (312) [0;32mI (322) main_task: Returned from app_main()[0m
[0;32mI (17532) uart_led_control: Received: 1[0m
[0;32mI (17532) uart_led_control: LED ON[0m
[0;32mI (20552) uart_led_control: Received: 0[0m
[0;32mI (20552) uart_led_control: LED OFF[0m
[0;32mI (22062) uart_led_control: Received: 1[0m
[0;32mI (22062) uart_led_control: LED ON[0m
[0;32mI (23472) uart_led_control: Received: 0[0m
[0;32mI (23472) uart_led_control: LED OFF[0m
[0;32mI (26202) uart_led_control: Received: 1[0m
[0;32mI (26202) uart_led_control: LED ON[0m
[0;32mI (27212) uart_led_control: Received: 0[0m
[0;32mI (27212) uart_led_control: LED OFF[0m
[0;32mI (28412) uart_led_control: Received: 1[0m
[0;32mI (28412) uart_led_control: LED ON[0m
[0;32mI (29622) uart_led_control: Received: 0[0m
[0;32mI (29622) uart_led_control: LED OFF[0m
[0;32mI (30332) uart_led_control: Received: 1[0m
[0;32mI (30332) uart_led_control: LED ON[0m
[0;32mI (30732) uart_led_control: Received: 0[0m
[0;32mI (30732) uart_led_control: LED OFF[0m
[0;32mI (34062) uart_led_control: Received: 4[0m
[0;32mI (35372) uart_led_control: Received: 5[0m
[0;32mI (36472) uart_led_control: Received: 6[0m
[0;32mI (37082) uart_led_control: Received: 3[0m
[0;32mI (38192) uart_led_control: Received: 6[0m
Executing action: app-flash
Running ninja in directory D:\Nidhi\ESP32\5_UART\3_Uart_led\build
Executing "ninja app-flash"...
[1/7] Building C object esp-idf/main/CMakeFiles/__idf_main.dir/main.c.obj
[2/7] Linking C static library esp-idf\main\libmain.a
[3/7] Generating ld/sections.ld
[4/7] Linking CXX executable main.elf
[5/7] Generating binary image from built executable
esptool.py v4.8.dev5
Creating esp32 image...
Merged 2 ELF sections
Successfully created esp32 image.
Generated D:/Nidhi/ESP32/5_UART/3_Uart_led/build/main.bin
[6/7] cmd.exe /C "cd /D D:\Nidhi\ESP32\5_UART\3_Uart_led\build\esp-idf\esptool_py && C:\Users\DNK133\.espressif\python_env\idf5.3_py3.11_env\Scripts\python.exe C:/Users/DNK133/ESP/v5.3/esp-idf/components/partition_table/check_sizes.py --offset 0x8000 partition --type app D:/Nidhi/ESP32/5_UART/3_Uart_led/build/partition_table/partition-table.bin D:/Nidhi/ESP32/5_UART/3_Uart_led/build/main.bin"
main.bin binary size 0x30c70 bytes. Smallest app partition is 0x100000 bytes. 0xcf390 bytes (81%) free.
[6/7] cmd.exe /C "cd /D C:\Users\DNK133\ESP\v5.3\esp-idf\components\esptool_py && C:\Users\DNK133\.espressif\tesptool.py --chip esp32 -p COM3 -b 460800 --before=default_reset --after=hard_reset write_flash --flash_mode dio --flash_freq 40m --flash_size 2MB 0x10000 main.bin
esptool.py v4.8.dev5
Serial port COM3
Connecting.....
Chip is ESP32-D0WD-V3 (revision v3.0)
Features: WiFi, BT, Dual Core, 240MHz, VRef calibration in efuse, Coding Scheme None
Crystal is 40MHz
MAC: c8:f0:9e:50:58:5c
Uploading stub...
Running stub...
Stub running...
Changing baud rate to 460800
Changed.
Configuring flash size...
Flash will be erased from 0x00010000 to 0x00040fff...
Compressed 199792 bytes to 106607...
Writing at 0x00010000... (14 %)
Writing at 0x0001cef8... (28 %)
Writing at 0x00022a65... (42 %)
Writing at 0x00028b47... (57 %)
Writing at 0x0002f77a... (71 %)
Writing at 0x00037815... (85 %)
Writing at 0x0003db72... (100 %)
Wrote 199792 bytes (106607 compressed) at 0x00010000 in 2.7 seconds (effective 596.7 kbit/s)...
Hash of data verified.

Leaving...
Hard resetting via RTS pin...
ools\cmake\3.24.0\bin\cmake.exe -D IDF_PATH=C:/Users/DNK133/ESP/v5.3/esp-idf -D SERIAL_TOOL=C:/Users/DNK133/.espressif/python_env/idf5.3_py3.11_env/Scripts/python.exe;;C:/Users/DNK133/ESP/v5.3/esp-idf/components/esptool_py/esptool/esptool.py;--chip;esp32 -D SERIAL_TOOL_ARGS=--before=default_reset;--after=hard_reset;write_flash;@app-flash_args -D WORKING_DIRECTORY=D:/Nidhi/ESP32/5_UART/3_Uart_led/build -P C:/Users/DNK133/ESP/v5.3/esp-idf/components/esptool_py/run_serial_tool.cmake"
Done
ï¿½S	ï¿½ï¿½ï¿½ï¿½ chip revision: v3.0[0m
[0;32mI (39) boï¿½ets Jul 29 2019 12:21:46

rst:0x1 (POWERON_RESET),boot:0x13 (SPI_FAST_FLASH_BOOT)
configsip: 0, SPIWP:0xee
clk_drv:0x00,q_drv:0x00,d_drv:0x00,cs0_drv:0x00,hd_drv:0x00,wp_drv:0x00
mode:DIO, clock div:2
load:0x3fff0030,len:7176
load:0x40078000,len:15564
ho 0 tail 12 room 4
load:0x40080400,len:4
load:0x40080404,len:3904
entry 0x40080640
[0;32mI (31) boot: ESP-IDF v5.3 2nd stage bootloader[0m
[0;32mI (31) boot: compile time Sep  6 2024 10:27:03[0m
[0;32mI (31) boot: Multicore bootloader[0m
[0;32mI (35) boot: chip revision: v3.0[0m
[0;32mI (39) boot.esp32: SPI Speed      : 40MHz[0m
[0;32mI (44) boot.esp32: SPI Mode       : DIO[0m
[0;32mI (48) boot.esp32: SPI Flash Size : 2MB[0m
[0;32mI (53) boot: Enabling RNG early entropy source...[0m
[0;32mI (58) boot: Partition Table:[0m
[0;32mI (62) boot: ## Label            Usage          Type ST Offset   Length[0m
[0;32mI (69) boot:  0 nvs              WiFi data        01 02 00009000 00006000[0m
[0;32mI (76) boot:  1 phy_init         RF data          01 01 0000f000 00001000[0m
[0;32mI (84) boot:  2 factory          factory app      00 00 00010000 00100000[0m
[0;32mI (91) boot: End of partition table[0m
[0;32mI (96) esp_image: segment 0: paddr=00010020 vaddr=3f400020 size=0aa64h ( 43620) map[0m
[0;32mI (119) esp_image: segment 1: paddr=0001aa8c vaddr=3ffb0000 size=02354h (  9044) load[0m
[0;32mI (123) esp_image: segment 2: paddr=0001cde8 vaddr=40080000 size=03230h ( 12848) load[0m
[0;32mI (130) esp_image: segment 3: paddr=00020020 vaddr=400d0020 size=163ech ( 91116) map[0m
[0;32mI (165) esp_image: segment 4: paddr=00036414 vaddr=40083230 size=0a834h ( 43060) load[0m
[0;32mI (189) boot: Loaded app from partition at offset 0x10000[0m
[0;32mI (189) boot: Disabling RNG early entropy source...[0m
[0;32mI (200) cpu_start: Multicore app[0m
[0;32mI (209) cpu_start: Pro cpu start user code[0m
[0;32mI (209) cpu_start: cpu freq: 160000000 Hz[0m
[0;32mI (209) app_init: Application information:[0m
[0;32mI (212) app_init: Project name:     main[0m
[0;32mI (217) app_init: App version:      1[0m
[0;32mI (221) app_init: Compile time:     Sep  6 2024 10:25:03[0m
[0;32mI (227) app_init: ELF file SHA256:  83fafc3c8...[0m
[0;32mI (232) app_init: ESP-IDF:          v5.3[0m
[0;32mI (237) efuse_init: Min chip rev:     v0.0[0m
[0;32mI (242) efuse_init: Max chip rev:     v3.99 [0m
[0;32mI (246) efuse_init: Chip rev:         v3.0[0m
[0;32mI (252) heap_init: Initializing. RAM available for dynamic allocation:[0m
[0;32mI (259) heap_init: At 3FFAE6E0 len 00001920 (6 KiB): DRAM[0m
[0;32mI (265) heap_init: At 3FFB2C20 len 0002D3E0 (180 KiB): DRAM[0m
[0;32mI (271) heap_init: At 3FFE0440 len 00003AE0 (14 KiB): D/IRAM[0m
[0;32mI (277) heap_init: At 3FFE4350 len 0001BCB0 (111 KiB): D/IRAM[0m
[0;32mI (284) heap_init: At 4008DA64 len 0001259C (73 KiB): IRAM[0m
[0;32mI (291) spi_flash: detected chip: generic[0m
[0;32mI (294) spi_flash: flash io: dio[0m
[0;33mW (298) spi_flash: Detected size(4096k) larger than the size in the binary image header(2048k). Using the size in the binary image header.[0m
[0;32mI (312[0;32mI (322) main_task: Returned from app_main()[0m
[0;32mI (9272) uart_led_control: Received: 1[0m
[0;32mI (9272) uart_led_control: LED ON[0m
[0;32mI (11292) uart_led_control: Received: 0[0m
[0;32mI (11292) uart_led_control: LED OFF[0m
[0;32mI (13002) uart_led_control: Received: 4[0m
Invalid character[0;32mI (14512) uart_led_control: Received: 4[0m
Invalid character[0;32mI (22372) uart_led_control: Received: 4[0m
Invalid character[0;32mI (24182) uart_led_control: Received: 3[0m
Invalid character[0;32mI (28112) uart_led_control: Received: 6[0m
Invalid character[0;32mI (59942) uart_led_control: Received: 5[0m
Invalid character[0;32mI (60852) uart_led_control: Received: 5[0m
Executing action: app-flash
Running ninja in directory D:\Nidhi\ESP32\5_UART\3_Uart_led\build
Executing "ninja app-flash"...
[1/7] Building C object esp-idf/main/CMakeFiles/__idf_main.dir/main.c.obj
[2/7] Linking C static library esp-idf\main\libmain.a
[3/7] Generating ld/sections.ld
[4/7] Linking CXX executable main.elf
[5/7] Generating binary image from built executable
esptool.py v4.8.dev5
Creating esp32 image...
Merged 2 ELF sections
Successfully created esp32 image.
Generated D:/Nidhi/ESP32/5_UART/3_Uart_led/build/main.bin
[6/7] cmd.exe /C "cd /D D:\Nidhi\ESP32\5_UART\3_Uart_led\build\esp-idf\esptool_py && C:\Users\DNK133\.espressif\python_env\idf5.3_py3.11_env\Scripts\python.exe C:/Users/DNK133/ESP/v5.3/esp-idf/components/partition_table/check_sizes.py --offset 0x8000 partition --type app D:/Nidhi/ESP32/5_UART/3_Uart_led/build/partition_table/partition-table.bin D:/Nidhi/ESP32/5_UART/3_Uart_led/build/main.bin"
main.bin binary size 0x30ca0 bytes. Smallest app partition is 0x100000 bytes. 0xcf360 bytes (81%) free.
[6/7] cmd.exe /C "cd /D C:\Users\DNK133\ESP\v5.3\esp-idf\components\esptool_py && C:\Users\DNK133\.espressif\tesptool.py --chip esp32 -p COM3 -b 460800 --before=default_reset --after=hard_reset write_flash --flash_mode dio --flash_freq 40m --flash_size 2MB 0x10000 main.bin
esptool.py v4.8.dev5
Serial port COM3
Connecting.....
Chip is ESP32-D0WD-V3 (revision v3.0)
Features: WiFi, BT, Dual Core, 240MHz, VRef calibration in efuse, Coding Scheme None
Crystal is 40MHz
MAC: c8:f0:9e:50:58:5c
Uploading stub...
Running stub...
Stub running...
Changing baud rate to 460800
Changed.
Configuring flash size...
Flash will be erased from 0x00010000 to 0x00040fff...
Compressed 199840 bytes to 106643...
Writing at 0x00010000... (14 %)
Writing at 0x0001cf10... (28 %)
Writing at 0x00022a82... (42 %)
Writing at 0x00028b5d... (57 %)
Writing at 0x0002f775... (71 %)
Writing at 0x0003780f... (85 %)
Writing at 0x0003db37... (100 %)
Wrote 199840 bytes (106643 compressed) at 0x00010000 in 2.7 seconds (effective 597.0 kbit/s)...
Hash of data verified.

Leaving...
Hard resetting via RTS pin...
ools\cmake\3.24.0\bin\cmake.exe -D IDF_PATH=C:/Users/DNK133/ESP/v5.3/esp-idf -D SERIAL_TOOL=C:/Users/DNK133/.espressif/python_env/idf5.3_py3.11_env/Scripts/python.exe;;C:/Users/DNK133/ESP/v5.3/esp-idf/components/esptool_py/esptool/esptool.py;--chip;esp32 -D SERIAL_TOOL_ARGS=--before=default_reset;--after=hard_reset;write_flash;@app-flash_args -D WORKING_DIRECTORY=D:/Nidhi/ESP32/5_UART/3_Uart_led/build -P C:/Users/DNK133/ESP/v5.3/esp-idf/components/esptool_py/run_serial_tool.cmake"
Done

Bï¿½ï¿½Jï¿½ï¿½ï¿½ï¿½ chip revision: v3.0[0m
[0;32mI ï¿½ets Jul 29 2019 12:21:46

rst:0x1 (POWERON_RESET),boot:0x13 (SPI_FAST_FLASH_BOOT)
configsip: 0, SPIWP:0xee
clk_drv:0x00,q_drv:0x00,d_drv:0x00,cs0_drv:0x00,hd_drv:0x00,wp_drv:0x00
mode:DIO, clock div:2
load:0x3fff0030,len:7176
load:0x40078000,len:15564
ho 0 tail 12 room 4
load:0x40080400,len:4
load:0x40080404,len:3904
entry 0x40080640
[0;32mI (31) boot: ESP-IDF v5.3 2nd stage bootloader[0m
[0;32mI (31) boot: compile time Sep  6 2024 10:27:03[0m
[0;32mI (31) boot: Multicore bootloader[0m
[0;32mI (35) boot: chip revision: v3.0[0m
[0;32mI (39) boot.esp32: SPI Speed      : 40MHz[0m
[0;32mI (44) boot.esp32: SPI Mode       : DIO[0m
[0;32mI (48) boot.esp32: SPI Flash Size : 2MB[0m
[0;32mI (53) boot: Enabling RNG early entropy source...[0m
[0;32mI (58) boot: Partition Table:[0m
[0;32mI (62) boot: ## Label            Usage          Type ST Offset   Length[0m
[0;32mI (69) boot:  0 nvs              WiFi data        01 02 00009000 00006000[0m
[0;32mI (76) boot:  1 phy_init         RF data          01 01 0000f000 00001000[0m
[0;32mI (84) boot:  2 factory          factory app      00 00 00010000 00100000[0m
[0;32mI (91) boot: End of partition table[0m
[0;32mI (96) esp_image: segment 0: paddr=00010020 vaddr=3f400020 size=0aa84h ( 43652) map[0m
[0;32mI (119) esp_image: segment 1: paddr=0001aaac vaddr=3ffb0000 size=02354h (  9044) load[0m
[0;32mI (123) esp_image: segment 2: paddr=0001ce08 vaddr=40080000 size=03210h ( 12816) load[0m
[0;32mI (130) esp_image: segment 3: paddr=00020020 vaddr=400d0020 size=163f8h ( 91128) map[0m
[0;32mI (165) esp_image: segment 4: paddr=00036420 vaddr=40083210 size=0a854h ( 43092) load[0m
[0;32mI (189) boot: Loaded app from partition at offset 0x10000[0m
[0;32mI (189) boot: Disabling RNG early entropy source...[0m
[0;32mI (200) cpu_start: Multicore app[0m
[0;32mI (209) cpu_start: Pro cpu start user code[0m
[0;32mI (209) cpu_start: cpu freq: 160000000 Hz[0m
[0;32mI (209) app_init: Application information:[0m
[0;32mI (212) app_init: Project name:     main[0m
[0;32mI (217) app_init: App version:      1[0m
[0;32mI (221) app_init: Compile time:     Sep  6 2024 10:25:03[0m
[0;32mI (227) app_init: ELF file SHA256:  66f27d3a8...[0m
[0;32mI (232) app_init: ESP-IDF:          v5.3[0m
[0;32mI (237) efuse_init: Min chip rev:     v0.0[0m
[0;32mI (242) efuse_init: Max chip rev:     v3.99 [0m
[0;32mI (246) efuse_init: Chip rev:         v3.0[0m
[0;32mI (252) heap_init: Initializing. RAM available for dynamic allocation:[0m
[0;32mI (259) heap_init: At 3FFAE6E0 len 00001920 (6 KiB): DRAM[0m
[0;32mI (265) heap_init: At 3FFB2C20 len 0002D3E0 (180 KiB): DRAM[0m
[0;32mI (271) heap_init: At 3FFE0440 len 00003AE0 (14 KiB): D/IRAM[0m
[0;32mI (277) heap_init: At 3FFE4350 len 0001BCB0 (111 KiB): D/IRAM[0m
[0;32mI (284) heap_init: At 4008DA64 len 0001259C (73 KiB): IRAM[0m
[0;32mI (291) spi_flash: detected chip: generic[0m
[0;32mI (294) spi_flash: flash io: dio[0m
[0;33mW (298) spi_flash: Detected size(4096k) larger than the size in the binary image header(2048k). Using the size in the binary image header.[0m
[0;32mI (312)[0;32mI (322) main_task: Returned from app_main()[0m
[0;32mI (3052) uart_led_control: Received: 1[0m
[0;32mI (3052) uart_led_control: LED ON[0m
[0;32mI (4962) uart_led_control: Received: 0[0m
[0;32mI (4962) uart_led_control: LED OFF[0m
[0;32mI (8292) uart_led_control: Received: 4[0m
[0;32mI (8292) uart_led_control: Invalid character[0m
[0;32mI (10302) uart_led_control: Received: f[0m
[0;32mI (10302) uart_led_control: Invalid character[0m
[0;32mI (16842) uart_led_control: Received: k[0m
[0;32mI (16842) uart_led_control: Invalid character[0m
[0;32mI (18962) uart_led_control: Received: 1[0m
[0;32mI (18962) uart_led_control: LED ON[0m
[0;32mI (21372) uart_led_control: Received: 0[0m
[0;32mI (21372) uart_led_control: LED OFF[0m
