ï¿½Jï¿½ï¿½ï¿½ï¿½ chip revision: v3.0[0m
[0;32mI (39) ï¿½ets Jul 29 2019 12:21:46

rst:0x1 (POWERON_RESET),boot:0x13 (SPI_FAST_FLASH_BOOT)
configsip: 0, SPIWP:0xee
clk_drv:0x00,q_drv:0x00,d_drv:0x00,cs0_drv:0x00,hd_drv:0x00,wp_drv:0x00
mode:DIO, clock div:2
load:0x3fff0030,len:7176
load:0x40078000,len:15564
ho 0 tail 12 room 4
load:0x40080400,len:4
load:0x40080404,len:3904
entry 0x40080640
[0;32mI (31) boot: ESP-IDF v5.3 2nd stage bootloader[0m
[0;32mI (31) boot: compile time Sep  5 2024 18:03:34[0m
[0;32mI (31) boot: Multicore bootloader[0m
[0;32mI (35) boot: chip revision: v3.0[0m
[0;32mI (39) boot.esp32: SPI Speed      : 40MHz[0m
[0;32mI (44) boot.esp32: SPI Mode       : DIO[0m
[0;32mI (48) boot.esp32: SPI Flash Size : 2MB[0m
[0;32mI (53) boot: Enabling RNG early entropy source...[0m
[0;32mI (58) boot: Partition Table:[0m
[0;32mI (62) boot: ## Label            Usage          Type ST Offset   Length[0m
[0;32mI (69) boot:  0 nvs              WiFi data        01 02 00009000 00006000[0m
[0;32mI (76) boot:  1 phy_init         RF data          01 01 0000f000 00001000[0m
[0;32mI (84) boot:  2 factory          factory app      00 00 00010000 00100000[0m
[0;32mI (91) boot: End of partition table[0m
[0;32mI (96) esp_image: segment 0: paddr=00010020 vaddr=3f400020 size=0aaech ( 43756) map[0m
[0;32mI (119) esp_image: segment 1: paddr=0001ab14 vaddr=3ffb0000 size=02354h (  9044) load[0m
[0;32mI (123) esp_image: segment 2: paddr=0001ce70 vaddr=40080000 size=031a8h ( 12712) load[0m
[0;32mI (130) esp_image: segment 3: paddr=00020020 vaddr=400d0020 size=16630h ( 91696) map[0m
[0;32mI (165) esp_image: segment 4: paddr=00036658 vaddr=400831a8 size=0a8dch ( 43228) load[0m
[0;32mI (189) boot: Loaded app from partition at offset 0x10000[0m
[0;32mI (189) boot: Disabling RNG early entropy source...[0m
[0;32mI (201) cpu_start: Multicore app[0m
[0;32mI (209) cpu_start: Pro cpu start user code[0m
[0;32mI (209) cpu_start: cpu freq: 160000000 Hz[0m
[0;32mI (209) app_init: Application information:[0m
[0;32mI (212) app_init: Project name:     echo[0m
[0;32mI (217) app_init: App version:      1[0m
[0;32mI (221) app_init: Compile time:     Sep  5 2024 18:01:54[0m
[0;32mI (227) app_init: ELF file SHA256:  0011dc1d9...[0m
[0;32mI (232) app_init: ESP-IDF:          v5.3[0m
[0;32mI (237) efuse_init: Min chip rev:     v0.0[0m
[0;32mI (242) efuse_init: Max chip rev:     v3.99 [0m
[0;32mI (247) efuse_init: Chip rev:         v3.0[0m
[0;32mI (252) heap_init: Initializing. RAM available for dynamic allocation:[0m
[0;32mI (259) heap_init: At 3FFAE6E0 len 00001920 (6 KiB): DRAM[0m
[0;32mI (265) heap_init: At 3FFB2C20 len 0002D3E0 (180 KiB): DRAM[0m
[0;32mI (271) heap_init: At 3FFE0440 len 00003AE0 (14 KiB): D/IRAM[0m
[0;32mI (277) heap_init: At 3FFE4350 len 0001BCB0 (111 KiB): D/IRAM[0m
[0;32mI (284) heap_init: At 4008DA84 len 0001257C (73 KiB): IRAM[0m
[0;32mI (292) spi_flash: detected chip: generic[0m
[0;32mI (295) spi_flash: flash io: dio[0m
[0;33mW (299) spi_flash: Detected size(4096k) larger than the size in the binary image header(2048k). Using the size in the binary image header.[0m
[0;32mI (312[0;32mI (322) uart: queue free spaces: 10[0m
[0;32mI (322) main_task: Returned from app_main()[0m
n[0;32mI (623982) uart_test: Recv str = n[0m
n[0;32mI (625592) uart_test: Recv str = n[0m
i[0;32mI (625902) uart_test: Recv str = i[0m
d[0;32mI (626002) uart_test: Recv str = d[0m
h[0;32mI (626112) uart_test: Recv str = h[0m
i[0;32mI (626312) uart_test: Recv str = i[0m
n[0;32mI (627822) uart_test: Recv str = n[0m
id[0;32mI (628022) uart_test: Recv str = id[0m
h[0;32mI (628232) uart_test: Recv str = h[0m
i[0;32mI (628332) uart_test: Recv str = i[0m
h[0;32mI (628532) uart_test: Recv str = h[0m
n[0;32mI (644322) uart_test: Recv str = n[0m
i[0;32mI (644422) uart_test: Recv str = i[0m
n[0;32mI (645632) uart_test: Recv str = n[0m
i[0;32mI (645842) uart_test: Recv str = i[0m
d[0;32mI (645942) uart_test: Recv str = d[0m
h[0;32mI (646042) uart_test: Recv str = h[0m
i[0;32mI (646242) uart_test: Recv str = i[0m
n[0;32mI (647552) uart_test: Recv str = n[0m
i[0;32mI (647662) uart_test: Recv str = i[0m
d[0;32mI (647762) uart_test: Recv str = d[0m
h[0;32mI (647862) uart_test: Recv str = h[0m
i[0;32mI (648062) uart_test: Recv str = i[0m
f[0;32mI (663802) uart_test: Recv str = f[0m
f[0;32mI (664612) uart_test: Recv str = f[0m
N[0;32mI (666082) uart_test: Recv str = N[0m
i[0;32mI (666282) uart_test: Recv str = i[0m
h[0;32mI (666482) uart_test: Recv str = h[0m
d[0;32mI (666582) uart_test: Recv str = d[0m
i[0;32mI (666682) uart_test: Recv str = i[0m
Executing action: app-flash
Running ninja in directory D:\Nidhi\ESP32\5_UART\2_Rx\build
Executing "ninja app-flash"...
[1/2] cmd.exe /C "cd /D D:\Nidhi\ESP32\5_UART\2_Rx\build\esp-idf\esptool_py && C:\Users\DNK133\.espressif\python_env\idf5.3_py3.11_env\Scripts\python.exe C:/Users/DNK133/ESP/v5.3/esp-idf/components/partition_table/check_sizes.py --offset 0x8000 partition --type app D:/Nidhi/ESP32/5_UART/2_Rx/build/partition_table/partition-table.bin D:/Nidhi/ESP32/5_UART/2_Rx/build/echo.bin"
echo.bin binary size 0x30f60 bytes. Smallest app partition is 0x100000 bytes. 0xcf0a0 bytes (81%) free.
[1/2] cmd.exe /C "cd /D C:\Users\DNK133\ESP\v5.3\esp-idf\components\esptool_py && C:\Users\DNK133\.espressif\tools\cmake\3.24.0\bin\cmake.exe -D IDF_PATH=C:/Users/DNK133/ESP/v5.3/esp-idf -D SERIAL_TOOL=C:/Users/DNK133/.espressif/python_env/idf5.3_py3.11_env/Scripts/python.exe;;C:/Users/DNK133/ESP/v5.3/esp-idf/components/esptool_py/esptool/esptool.py;--chip;esp32 -D SERIAL_TOOL_ARGS=--before=default_reset;--after=hard_reset;write_flash;@app-flash_args -D WORKING_DIRECTORY=D:/Nidhi/ESP32/5_UART/2_Rx/build -P C:/Users/DNK133/ESP/v5.3/esp-esptool.py --chip esp32 -p COM3 -b 460800 --before=default_reset --after=hard_reset write_flash --flash_mode dio --flash_freq 40m --flash_size 2MB 0x10000 echo.bin
esptool.py v4.8.dev5
Serial port COM3
Connecting....
Chip is ESP32-D0WD-V3 (revision v3.0)
Features: WiFi, BT, Dual Core, 240MHz, VRef calibration in efuse, Coding Scheme None
Crystal is 40MHz
MAC: c8:f0:9e:50:58:5c
Uploading stub...
Running stub...
Stub running...
Changing baud rate to 460800
Changed.
Configuring flash size...
Flash will be erased from 0x00010000 to 0x00040fff...
Compressed 200544 bytes to 107049...
Writing at 0x00010000... (14 %)
Writing at 0x0001cf03... (28 %)
Writing at 0x00022ab5... (42 %)
Writing at 0x00028bcc... (57 %)
Writing at 0x0002f6f8... (71 %)
Writing at 0x0003780e... (85 %)
Writing at 0x0003da51... (100 %)
Wrote 200544 bytes (107049 compressed) at 0x00010000 in 2.7 seconds (effective 595.9 kbit/s)...
Hash of data verified.

Leaving...
Hard resetting via RTS pin...
idf/components/esptool_py/run_serial_tool.cmake"
Done
ï¿½S	ï¿½ï¿½ï¿½ï¿½ chip revision: v3.0[0m
[0;32mI (39) boot.espets Jul 29 2019 12:21:46

rst:0x1 (POWERON_RESET),boot:0x13 (SPI_FAST_FLASH_BOOT)
configsip: 0, SPIWP:0xee
clk_drv:0x00,q_drv:0x00,d_drv:0x00,cs0_drv:0x00,hd_drv:0x00,wp_drv:0x00
mode:DIO, clock div:2
load:0x3fff0030,len:7176
load:0x40078000,len:15564
ho 0 tail 12 room 4
load:0x40080400,len:4
load:0x40080404,len:3904
entry 0x40080640
[0;32mI (31) boot: ESP-IDF v5.3 2nd stage bootloader[0m
[0;32mI (31) boot: compile time Sep  5 2024 18:03:34[0m
[0;32mI (31) boot: Multicore bootloader[0m
[0;32mI (35) boot: chip revision: v3.0[0m
[0;32mI (39) boot.esp32: SPI Speed      : 40MHz[0m
[0;32mI (44) boot.esp32: SPI Mode       : DIO[0m
[0;32mI (48) boot.esp32: SPI Flash Size : 2MB[0m
[0;32mI (53) boot: Enabling RNG early entropy source...[0m
[0;32mI (58) boot: Partition Table:[0m
[0;32mI (62) boot: ## Label            Usage          Type ST Offset   Length[0m
[0;32mI (69) boot:  0 nvs              WiFi data        01 02 00009000 00006000[0m
[0;32mI (76) boot:  1 phy_init         RF data          01 01 0000f000 00001000[0m
[0;32mI (84) boot:  2 factory          factory app      00 00 00010000 00100000[0m
[0;32mI (91) boot: End of partition table[0m
[0;32mI (96) esp_image: segment 0: paddr=00010020 vaddr=3f400020 size=0aaech ( 43756) map[0m
[0;32mI (119) esp_image: segment 1: paddr=0001ab14 vaddr=3ffb0000 size=02354h (  9044) load[0m
[0;32mI (123) esp_image: segment 2: paddr=0001ce70 vaddr=40080000 size=031a8h ( 12712) load[0m
[0;32mI (130) esp_image: segment 3: paddr=00020020 vaddr=400d0020 size=16630h ( 91696) map[0m
[0;32mI (165) esp_image: segment 4: paddr=00036658 vaddr=400831a8 size=0a8dch ( 43228) load[0m
[0;32mI (189) boot: Loaded app from partition at offset 0x10000[0m
[0;32mI (189) boot: Disabling RNG early entropy source...[0m
[0;32mI (201) cpu_start: Multicore app[0m
[0;32mI (209) cpu_start: Pro cpu start user code[0m
[0;32mI (209) cpu_start: cpu freq: 160000000 Hz[0m
[0;32mI (209) app_init: Application information:[0m
[0;32mI (212) app_init: Project name:     echo[0m
[0;32mI (217) app_init: App version:      1[0m
[0;32mI (221) app_init: Compile time:     Sep  5 2024 18:01:54[0m
[0;32mI (227) app_init: ELF file SHA256:  0011dc1d9...[0m
[0;32mI (232) app_init: ESP-IDF:          v5.3[0m
[0;32mI (237) efuse_init: Min chip rev:     v0.0[0m
[0;32mI (242) efuse_init: Max chip rev:     v3.99 [0m
[0;32mI (247) efuse_init: Chip rev:         v3.0[0m
[0;32mI (252) heap_init: Initializing. RAM available for dynamic allocation:[0m
[0;32mI (259) heap_init: At 3FFAE6E0 len 00001920 (6 KiB): DRAM[0m
[0;32mI (265) heap_init: At 3FFB2C20 len 0002D3E0 (180 KiB): DRAM[0m
[0;32mI (271) heap_init: At 3FFE0440 len 00003AE0 (14 KiB): D/IRAM[0m
[0;32mI (277) heap_init: At 3FFE4350 len 0001BCB0 (111 KiB): D/IRAM[0m
[0;32mI (284) heap_init: At 4008DA84 len 0001257C (73 KiB): IRAM[0m
[0;32mI (292) spi_flash: detected chip: generic[0m
[0;32mI (295) spi_flash: flash io: dio[0m
[0;33mW (299) spi_flash: Detected size(4096k) larger than the size in the binary image header(2048k). Using the size in the binary image header.[0m
[0;32mI (312[0;32mI (322) uart: queue free spaces: 10[0m
[0;32mI (322) main_task: Returned from app_main()[0m
n[0;32mI (2842) uart_test: Recv str = n[0m
i[0;32mI (3042) uart_test: Recv str = i[0m
d[0;32mI (3252) uart_test: Recv str = d[0m
h[0;32mI (3352) uart_test: Recv str = h[0m
n[0;32mI (11212) uart_test: Recv str = n[0m
n[0;32mI (11312) uart_test: Recv str = n[0m
n[0;32mI (11512) uart_test: Recv str = n[0m
n[0;32mI (11822) uart_test: Recv str = n[0m
n[0;32mI (11922) uart_test: Recv str = n[0m
n[0;32mI (12092) uart_test: Recv str = n[0m
n[0;32mI (12192) uart_test: Recv str = n[0m
n[0;32mI (12292) uart_test: Recv str = n[0m
n[0;32mI (12692) uart_test: Recv str = n[0m
n[0;32mI (12902) uart_test: Recv str = n[0m
n[0;32mI (13302) uart_test: Recv str = n[0m
n[0;32mI (13402) uart_test: Recv str = n[0m
n[0;32mI (13602) uart_test: Recv str = n[0m
n[0;32mI (13712) uart_test: Recv str = n[0m
n[0;32mI (13912) uart_test: Recv str = n[0m
n[0;32mI (14012) uart_test: Recv str = n[0m
n[0;32mI (14112) uart_test: Recv str = n[0m
n[0;32mI (14212) uart_test: Recv str = n[0m
n[0;32mI (14422) uart_test: Recv str = n[0m
n[0;32mI (14522) uart_test: Recv str = n[0m
n[0;32mI (14722) uart_test: Recv str = n[0m
n[0;32mI (16032) uart_test: Recv str = n[0m
id[0;32mI (16132) uart_test: Recv str = id[0m
hj[0;32mI (16342) uart_test: Recv str = hj[0m
i[0;32mI (16542) uart_test: Recv str = i[0m
ni[0;32mI (17852) uart_test: Recv str = ni[0m
kj[0;32mI (18052) uart_test: Recv str = kj[0m
jdi[0;32mI (20572) uart_test: Recv str = jdi[0m
usc[0;32mI (20682) uart_test: Recv str = usc[0m
l[0;32mI (24712) uart_test: Recv str = l[0m
d[0;32mI (25922) uart_test: Recv str = d[0m
kl[0;32mI (26022) uart_test: Recv str = kl[0m
l[0;32mI (27232) uart_test: Recv str = l[0m
kj[0;32mI (27432) uart_test: Recv str = kj[0m
kj[0;32mI (28342) uart_test: Recv str = kj[0m
k[0;32mI (29052) uart_test: Recv str = k[0m
j[0;32mI (29152) uart_test: Recv str = j[0m
kj[0;32mI (30062) uart_test: Recv str = kj[0m
f[0;32mI (31272) uart_test: Recv str = f[0m
s[0;32mI (31372) uart_test: Recv str = s[0m
n[0;32mI (34292) uart_test: Recv str = n[0m
i[0;32mI (34392) uart_test: Recv str = i[0m
dh[0;32mI (34702) uart_test: Recv str = dh[0m
i[0;32mI (34902) uart_test: Recv str = i[0m
i[0;32mI (40642) uart_test: Recv str = i[0m
s[0;32mI (40842) uart_test: Recv str = s[0m
h[0;32mI (40952) uart_test: Recv str = h[0m
i[0;32mI (41152) uart_test: Recv str = i[0m
n[0;32mI (42262) uart_test: Recv str = n[0m
i[0;32mI (42362) uart_test: Recv str = i[0m
s[0;32mI (42462) uart_test: Recv str = s[0m
h[0;32mI (42562) uart_test: Recv str = h[0m
n[0;32mI (44482) uart_test: Recv str = n[0m
i[0;32mI (44982) uart_test: Recv str = i[0m
d[0;32mI (45082) uart_test: Recv str = d[0m
jh[0;32mI (45292) uart_test: Recv str = jh[0m
i[0;32mI (45392) uart_test: Recv str = i[0m
n[0;32mI (46302) uart_test: Recv str = n[0m
i[0;32mI (46402) uart_test: Recv str = i[0m
d[0;32mI (46612) uart_test: Recv str = d[0m
h[0;32mI (46712) uart_test: Recv str = h[0m
i[0;32mI (46812) uart_test: Recv str = i[0m
e[0;32mI (99562) uart_test: Recv str = e[0m
e[0;32mI (100572) uart_test: Recv str = e[0m
g[0;32mI (100782) uart_test: Recv str = g[0m
