ï¿½ï¿½Úšï¿½j%ï¿½(36) boot: chip revision: v3.0[0m
[0;32mIets Jul 29 2019 12:21:46

rst:0x1 (POWERON_RESET),boot:0x13 (SPI_FAST_FLASH_BOOT)
configsip: 0, SPIWP:0xee
clk_drv:0x00,q_drv:0x00,d_drv:0x00,cs0_drv:0x00,hd_drv:0x00,wp_drv:0x00
mode:DIO, clock div:2
load:0x3fff0030,len:7176
load:0x40078000,len:15564
ho 0 tail 12 room 4
load:0x40080400,len:4
load:0x40080404,len:3904
entry 0x40080640
[0;32mI (31) boot: ESP-IDF v5.3-dirty 2nd stage bootloader[0m
[0;32mI (31) boot: compile time Sep 10 2024 16:01:13[0m
[0;32mI (31) boot: Multicore bootloader[0m
[0;32mI (36) boot: chip revision: v3.0[0m
[0;32mI (40) boot.esp32: SPI Speed      : 40MHz[0m
[0;32mI (44) boot.esp32: SPI Mode       : DIO[0m
[0;32mI (49) boot.esp32: SPI Flash Size : 2MB[0m
[0;32mI (53) boot: Enabling RNG early entropy source...[0m
[0;32mI (59) boot: Partition Table:[0m
[0;32mI (62) boot: ## Label            Usage          Type ST Offset   Length[0m
[0;32mI (70) boot:  0 nvs              WiFi data        01 02 00009000 00006000[0m
[0;32mI (77) boot:  1 phy_init         RF data          01 01 0000f000 00001000[0m
[0;32mI (84) boot:  2 factory          factory app      00 00 00010000 00100000[0m
[0;32mI (92) boot: End of partition table[0m
[0;32mI (96) esp_image: segment 0: paddr=00010020 vaddr=3f400020 size=0ab50h ( 43856) map[0m
[0;32mI (120) esp_image: segment 1: paddr=0001ab78 vaddr=3ffb0000 size=02384h (  9092) load[0m
[0;32mI (123) esp_image: segment 2: paddr=0001cf04 vaddr=40080000 size=03114h ( 12564) load[0m
[0;32mI (130) esp_image: segment 3: paddr=00020020 vaddr=400d0020 size=15e34h ( 89652) map[0m
[0;32mI (165) esp_image: segment 4: paddr=00035e5c vaddr=40083114 size=0aedch ( 44764) load[0m
[0;32mI (189) boot: Loaded app from partition at offset 0x10000[0m
[0;32mI (190) boot: Disabling RNG early entropy source...[0m
[0;32mI (201) cpu_start: Multicore app[0m
[0;32mI (210) cpu_start: Pro cpu start user code[0m
[0;32mI (210) cpu_start: cpu freq: 160000000 Hz[0m
[0;32mI (210) app_init: Application information:[0m
[0;32mI (213) app_init: Project name:     temp_humidity[0m
[0;32mI (218) app_init: App version:      fd04917-dirty[0m
[0;32mI (224) app_init: Compile time:     Sep 11 2024 09:31:14[0m
[0;32mI (230) app_init: ELF file SHA256:  509bc6769...[0m
[0;32mI (235) app_init: ESP-IDF:          v5.3-dirty[0m
[0;32mI (240) efuse_init: Min chip rev:     v0.0[0m
[0;32mI (245) efuse_init: Max chip rev:     v3.99 [0m
[0;32mI (250) efuse_init: Chip rev:         v3.0[0m
[0;32mI (255) heap_init: Initializing. RAM available for dynamic allocation:[0m
[0;32mI (262) heap_init: At 3FFAE6E0 len 00001920 (6 KiB): DRAM[0m
[0;32mI (268) heap_init: At 3FFB2C58 len 0002D3A8 (180 KiB): DRAM[0m
[0;32mI (274) heap_init: At 3FFE0440 len 00003AE0 (14 KiB): D/IRAM[0m
[0;32mI (280) heap_init: At 3FFE4350 len 0001BCB0 (111 KiB): D/IRAM[0m
[0;32mI (287) heap_init: At 4008E000 len 00012000 (72 KiB): IRAM[0m
[0;32mI (295) spi_flash: detected chip: generic[0m
[0;32mI (298) spi_flash: flash io: dio[0m
[0;33mW (302) spi_flash: Detected size(4096k) larger than the size in the binary image header(2048k). Using the size in the binary image header.[0m
[0;33mW (315) i2c: This driver is an old driver, please migrate your application code to adapt `driver/i2c_master.h`[0m
[0;32mI (326) main_task: Started on CPU0[0m
[0;32mI (336) main_task: Calling app_main()[0m
[0;31mE (336) SHT3X: Error in writing I2C command[0m
Failed to read from SHT3x sensor
[0;31mE (2336) SHT3X: Error in writing I2C command[0m
Failed to read from SHT3x sensor
[0;31mE (4336) SHT3X: Error in writing I2C command[0m
Failed to read from SHT3x sensor
[0;31mE (6336) SHT3X: Error in writing I2C command[0m
Failed to read from SHT3x sensor
[0;31mE (8336) SHT3X: Error in writing I2C command[0m
Failed to read from SHT3x sensor
[0;31mE (10336) SHT3X: Error in writing I2C command[0m
Failed to read from SHT3x sensor
[0;31mE (12336) SHT3X: Error in writing I2C command[0m
Failed to read from SHT3x sensor
[0;31mE (14336) SHT3X: Error in writing I2C command[0m
Failed to read from SHT3x sensor
[0;31mE (16336) SHT3X: Error in writing I2C command[0m
Failed to read from SHT3x sensor
[0;31mE (18336) SHT3X: Error in writing I2C command[0m
Failed to read from SHT3x sensor
[0;31mE (20336) SHT3X: Error in writing I2C command[0m
Failed to read from SHT3x sensor
[0;31mE (22336) SHT3X: Error in writing I2C command[0m
Failed to read from SHT3x sensor
[0;31mE (24336) SHT3X: Error in writing I2C command[0m
Failed to read from SHT3x sensor
[0;31mE (26336) SHT3X: Error in writing I2C command[0m
Failed to read from SHT3x sensor
[0;31mE (28336) SHT3X: Error in writing I2C command[0m
Failed to read from SHT3x sensor
[0;31mE (30336) SHT3X: Error in writing I2C command[0m
Failed to read from SHT3x sensor
[0;31mE (32336) SHT3X: Error in writing I2C command[0m
Failed to read from SHT3x sensor
[0;31mE (34336) SHT3X: Error in writing I2C command[0m
Failed to read from SHT3x sensor
[0;31mE (36336) SHT3X: Error in writing I2C command[0m
Failed to read from SHT3x sensor
[0;31mE (38336) SHT3X: Error in writing I2C command[0m
Failed to read from SHT3x sensor
[0;31mE (40336) SHT3X: Error in writing I2C command[0m
Failed to read from SHT3x sensor
[0;31mE (42336) SHT3X: Error in writing I2C command[0m
Failed to read from SHT3x sensor
[0;31mE (44336) SHT3X: Error in writing I2C command[0m
Failed to read from SHT3x sensor
[0;31mE (46336) SHT3X: Error in writing I2C command[0m
Failed to read from SHT3x sensor
[0;31mE (48336) SHT3X: Error in writing I2C command[0m
Failed to read from SHT3x sensor
[0;31mE (50336) SHT3X: Error in writing I2C command[0m
Failed to read from SHT3x sensor
[0;31mE (52336) SHT3X: Error in writing I2C command[0m
Failed to read from SHT3x sensor
[0;31mE (54336) SHT3X: Error in writing I2C command[0m
Failed to read from SHT3x sensor
[0;31mE (56336) SHT3X: Error in writing I2C command[0m
Failed to read from SHT3x sensor
Executing action: app-flash
Running ninja in directory D:\Nidhi\ESP32\6_I2C\2_sht35_sensor\build
Executing "ninja app-flash"...
[1/2] cmd.exe /C "cd /D D:\Nidhi\ESP32\6_I2C\2_sht35_sensor\build\esp-idf\esptool_py && C:\Users\DNK133\.espressif\python_env\idf5.3_py3.11_env\Scripts\python.exe C:/Users/DNK133/ESP/v5.3/esp-idf/components/partition_table/check_sizes.py --offset 0x8000 partition --type app D:/Nidhi/ESP32/6_I2C/2_sht35_sensor/build/partition_table/partition-table.bin D:/Nidhi/ESP32/6_I2C/2_sht35_sensor/build/temp_humidity.bin"
temp_humidity.bin binary size 0x30d60 bytes. Smallest app partition is 0x100000 bytes. 0xcf2a0 bytes (81%) free.
[1/2] cmd.exe /C "cd /D C:\Users\DNK133\ESP\v5.3\esp-idf\components\esptool_py && C:\Users\DNK133\.espressif\tools\cmake\3.24.0\bin\cmake.exe -D IDF_PATH=C:/Users/DNK133/ESP/v5.3/esp-idf -D SERIAL_TOOL=C:/Users/DNK133/.espressif/python_env/idf5.3_py3.11_env/Scripts/python.exe;;C:/Users/DNK133/ESP/v5.3/esp-idf/components/esptool_py/esptool/esptool.py;--chip;esp32 -D SERIAL_TOOL_ARGS=--before=default_reset;--after=hard_reset;write_flash;@app-flash_args -D WORKING_DIRECTORY=D:/Nidhi/ESP32/6_I2Cesptool.py --chip esp32 -p COM3 -b 460800 --before=default_reset --after=hard_reset write_flash --flash_mode dio --flash_freq 40m --flash_size 2MB 0x10000 temp_humidity.bin
esptool.py v4.8.dev5
Serial port COM3
Connecting....
Chip is ESP32-D0WD-V3 (revision v3.0)
Features: WiFi, BT, Dual Core, 240MHz, VRef calibration in efuse, Coding Scheme None
Crystal is 40MHz
MAC: c8:f0:9e:50:58:5c
Uploading stub...
Running stub...
Stub running...
Changing baud rate to 460800
Changed.
Configuring flash size...
Flash will be erased from 0x00010000 to 0x00040fff...
Compressed 200032 bytes to 106595...
Writing at 0x00010000... (14 %)
Writing at 0x0001cf5b... (28 %)
Writing at 0x00022a46... (42 %)
Writing at 0x000288d3... (57 %)
Writing at 0x00030245... (71 %)
Writing at 0x00037888... (85 %)
Writing at 0x0003dc86... (100 %)
Wrote 200032 bytes (106595 compressed) at 0x00010000 in 2.7 seconds (effective 596.8 kbit/s)...
Hash of data verified.

Leaving...
Hard resetting via RTS pin...
/2_sht35_sensor/build -P C:/Users/DNK133/ESP/v5.3/esp-idf/components/esptool_py/run_serial_tool.cmake"
Done
ï¿½32mI (36) boot: chip revision: v3.0[0m
[0;32mIï¿½ets Jul 29 2019 12:21:46

rst:0x1 (POWERON_RESET),boot:0x13 (SPI_FAST_FLASH_BOOT)
configsip: 0, SPIWP:0xee
clk_drv:0x00,q_drv:0x00,d_drv:0x00,cs0_drv:0x00,hd_drv:0x00,wp_drv:0x00
mode:DIO, clock div:2
load:0x3fff0030,len:7176
load:0x40078000,len:15564
ho 0 tail 12 room 4
load:0x40080400,len:4
load:0x40080404,len:3904
entry 0x40080640
[0;32mI (31) boot: ESP-IDF v5.3-dirty 2nd stage bootloader[0m
[0;32mI (31) boot: compile time Sep 10 2024 16:01:13[0m
[0;32mI (31) boot: Multicore bootloader[0m
[0;32mI (36) boot: chip revision: v3.0[0m
[0;32mI (40) boot.esp32: SPI Speed      : 40MHz[0m
[0;32mI (44) boot.esp32: SPI Mode       : DIO[0m
[0;32mI (49) boot.esp32: SPI Flash Size : 2MB[0m
[0;32mI (53) boot: Enabling RNG early entropy source...[0m
[0;32mI (59) boot: Partition Table:[0m
[0;32mI (62) boot: ## Label            Usage          Type ST Offset   Length[0m
[0;32mI (70) boot:  0 nvs              WiFi data        01 02 00009000 00006000[0m
[0;32mI (77) boot:  1 phy_init         RF data          01 01 0000f000 00001000[0m
[0;32mI (84) boot:  2 factory          factory app      00 00 00010000 00100000[0m
[0;32mI (92) boot: End of partition table[0m
[0;32mI (96) esp_image: segment 0: paddr=00010020 vaddr=3f400020 size=0ab50h ( 43856) map[0m
[0;32mI (120) esp_image: segment 1: paddr=0001ab78 vaddr=3ffb0000 size=02384h (  9092) load[0m
[0;32mI (123) esp_image: segment 2: paddr=0001cf04 vaddr=40080000 size=03114h ( 12564) load[0m
[0;32mI (130) esp_image: segment 3: paddr=00020020 vaddr=400d0020 size=15e34h ( 89652) map[0m
[0;32mI (165) esp_image: segment 4: paddr=00035e5c vaddr=40083114 size=0aedch ( 44764) load[0m
[0;32mI (189) boot: Loaded app from partition at offset 0x10000[0m
[0;32mI (190) boot: Disabling RNG early entropy source...[0m
[0;32mI (201) cpu_start: Multicore app[0m
[0;32mI (210) cpu_start: Pro cpu start user code[0m
[0;32mI (210) cpu_start: cpu freq: 160000000 Hz[0m
[0;32mI (210) app_init: Application information:[0m
[0;32mI (213) app_init: Project name:     temp_humidity[0m
[0;32mI (218) app_init: App version:      fd04917-dirty[0m
[0;32mI (224) app_init: Compile time:     Sep 11 2024 09:31:14[0m
[0;32mI (230) app_init: ELF file SHA256:  509bc6769...[0m
[0;32mI (235) app_init: ESP-IDF:          v5.3-dirty[0m
[0;32mI (240) efuse_init: Min chip rev:     v0.0[0m
[0;32mI (245) efuse_init: Max chip rev:     v3.99 [0m
[0;32mI (250) efuse_init: Chip rev:         v3.0[0m
[0;32mI (255) heap_init: Initializing. RAM available for dynamic allocation:[0m
[0;32mI (262) heap_init: At 3FFAE6E0 len 00001920 (6 KiB): DRAM[0m
[0;32mI (268) heap_init: At 3FFB2C58 len 0002D3A8 (180 KiB): DRAM[0m
[0;32mI (274) heap_init: At 3FFE0440 len 00003AE0 (14 KiB): D/IRAM[0m
[0;32mI (280) heap_init: At 3FFE4350 len 0001BCB0 (111 KiB): D/IRAM[0m
[0;32mI (287) heap_init: At 4008E000 len 00012000 (72 KiB): IRAM[0m
[0;32mI (295) spi_flash: detected chip: generic[0m
[0;32mI (298) spi_flash: flash io: dio[0m
[0;33mW (302) spi_flash: Detected size(4096k) larger than the size in the binary image header(2048k). Using the size in the binary image header.[0m
[0;33mW (315) i2c: This driver is an old driver, please migrate your application code to adapt `driver/i2c_master.h`[0m
[0;32mI (326) main_task: Started on CPU0[0m
[0;32mI (336) main_task: Calling app_main()[0m
[0;31mE (336) SHT3X: Error in writing I2C command[0m
Failed to read from SHT3x sensor
[0;31mE (2336) SHT3X: Error in writing I2C command[0m
Failed to read from SHT3x sensor
[0;31mE (4336) SHT3X: Error in writing I2C command[0m
Failed to read from SHT3x sensor
[0;31mE (6336) SHT3X: Error in writing I2C command[0m
Failed to read from SHT3x sensor
[0;31mE (8336) SHT3X: Error in writing I2C command[0m
Failed to read from SHT3x sensor
[0;31mE (10336) SHT3X: Error in writing I2C command[0m
Failed to read from SHT3x sensor
[0;31mE (12336) SHT3X: Error in writing I2C command[0m
Failed to read from SHT3x sensor
[0;31mE (14336) SHT3X: Error in writing I2C command[0m
Failed to read from SHT3x sensor
[0;31mE (16336) SHT3X: Error in writing I2C command[0m
Failed to read from SHT3x sensor
[0;31mE (18336) SHT3X: Error in writing I2C command[0m
Failed to read from SHT3x sensor
[0;31mE (20336) SHT3X: Error in writing I2C command[0m
Failed to read from SHT3x sensor
[0;31mE (22336) SHT3X: Error in writing I2C command[0m
Failed to read from SHT3x sensor
[0;31mE (24336) SHT3X: Error in writing I2C command[0m
Failed to read from SHT3x sensor
[0;31mE (26336) SHT3X: Error in writing I2C command[0m
Failed to read from SHT3x sensor
[0;31mE (28336) SHT3X: Error in writing I2C command[0m
Failed to read from SHT3x sensor
[0;31mE (30336) SHT3X: Error in writing I2C command[0m
Failed to read from SHT3x sensor
[0;31mE (32336) SHT3X: Error in writing I2C command[0m
Failed to read from SHT3x sensor
[0;31mE (34336) SHT3X: Error in writing I2C command[0m
Failed to read from SHT3x sensor
[0;31mE (36336) SHT3X: Error in writing I2C command[0m
Failed to read from SHT3x sensor
[0;31mE (38336) SHT3X: Error in writing I2C command[0m
Failed to read from SHT3x sensor
[0;31mE (40336) SHT3X: Error in writing I2C command[0m
Failed to read from SHT3x sensor
[0;31mE (42336) SHT3X: Error in writing I2C command[0m
Failed to read from SHT3x sensor
[0;31mE (44336) SHT3X: Error in writing I2C command[0m
Failed to read from SHT3x sensor
[0;31mE (46336) SHT3X: Error in writing I2C command[0m
Failed to read from SHT3x sensor
[0;31mE (48336) SHT3X: Error in writing I2C command[0m
Failed to read from SHT3x sensor
[0;31mE (50336) SHT3X: Error in writing I2C command[0m
Failed to read from SHT3x sensor
[0;31mE (52336) SHT3X: Error in writing I2C command[0m
Failed to read from SHT3x sensor
[0;31mE (54336) SHT3X: Error in writing I2C command[0m
Failed to read from SHT3x sensor
[0;31mE (56336) SHT3X: Error in writing I2C command[0m
Failed to read from SHT3x sensor
[0;31mE (58336) SHT3X: Error in writing I2C command[0m
Failed to read from SHT3x sensor
[0;31mE (60336) SHT3X: Error in writing I2C command[0m
Failed to read from SHT3x sensor
[0;31mE (62336) SHT3X: Error in writing I2C command[0m
Failed to read from SHT3x sensor
[0;31mE (64336) SHT3X: Error in writing I2C command[0m
Failed to read from SHT3x sensor
[0;31mE (66336) SHT3X: Error in writing I2C command[0m
Failed to read from SHT3x sensor
