ï¿½ Enabling RNG early entropy source...[0m
[0ï¿½[0;32mI (13) boot: ESP-IDF v5.3 2nd stage bootloader[0m
[0;32mI (13) boot: compile time Sep  3 2024 16:55:03[0m
[0;32mI (13) boot: Multicore bootloader[0m
[0;32mI (16) boot: chip revision: v3.0[0m
[0;32mI (20) boot.esp32: SPI Speed      : 40MHz[0m
[0;32mI (25) boot.esp32: SPI Mode       : DIO[0m
[0;32mI (29) boot.esp32: SPI Flash Size : 2MB[0m
[0;32mI (34) boot: Enabling RNG early entropy source...[0m
[0;32mI (39) boot: Partition Table:[0m
[0;32mI (43) boot: ## Label            Usage          Type ST Offset   Length[0m
[0;32mI (50) boot:  0 nvs              WiFi data        01 02 00009000 00006000[0m
[0;32mI (58) boot:  1 phy_init         RF data          01 01 0000f000 00001000[0m
[0;32mI (65) boot:  2 factory          factory app      00 00 00010000 00100000[0m
[0;32mI (73) boot: End of partition table[0m
[0;32mI (77) esp_image: segment 0: paddr=00010020 vaddr=3f400020 size=09b28h ( 39720) map[0m
[0;32mI (99) esp_image: segment 1: paddr=00019b50 vaddr=3ffb0000 size=0230ch (  8972) load[0m
[0;32mI (103) esp_image: segment 2: paddr=0001be64 vaddr=40080000 size=041b4h ( 16820) load[0m
[0;32mI (111) esp_image: segment 3: paddr=00020020 vaddr=400d0020 size=14474h ( 83060) map[0m
[0;32mI (142) esp_image: segment 4: paddr=0003449c vaddr=400841b4 size=0886ch ( 34924) load[0m
[0;32mI (162) boot: Loaded app from partition at offset 0x10000[0m
[0;32mI (162) boot: Disabling RNG early entropy source...[0m
[0;32mI (174) cpu_start: Multicore app[0m
[0;32mI (182) cpu_start: Pro cpu start user code[0m
[0;32mI (182) cpu_start: cpu freq: 160000000 Hz[0m
[0;32mI (182) app_init: Application information:[0m
[0;32mI (185) app_init: Project name:     main[0m
[0;32mI (190) app_init: App version:      1[0m
[0;32mI (194) app_init: Compile time:     Sep  3 2024 16:52:54[0m
[0;32mI (200) app_init: ELF file SHA256:  3d4532968...[0m
[0;32mI (206) app_init: ESP-IDF:          v5.3[0m
[0;32mI (210) efuse_init: Min chip rev:     v0.0[0m
[0;32mI (215) efuse_init: Max chip rev:     v3.99 [0m
[0;32mI (220) efuse_init: Chip rev:         v3.0[0m
[0;32mI (225) heap_init: Initializing. RAM available for dynamic allocation:[0m
[0;32mI (232) heap_init: At 3FFAE6E0 len 00001920 (6 KiB): DRAM[0m
[0;32mI (238) heap_init: At 3FFB2BE0 len 0002D420 (181 KiB): DRAM[0m
[0;32mI (244) heap_init: At 3FFE0440 len 00003AE0 (14 KiB): D/IRAM[0m
[0;32mI (250) heap_init: At 3FFE4350 len 0001BCB0 (111 KiB): D/IRAM[0m
[0;32mI (257) heap_init: At 4008CA20 len 000135E0 (77 KiB): IRAM[0m
[0;32mI (265) spi_flash: detected chip: generic[0m
[0;32mI (268) spi_flash: flash io: dio[0m
[0;33mW (272) spi_flash: Detected size(4096k) larger than the size in the binary image header(2048k). Using the size in the binary image header.[0m
[0;33mW (285) ADC: legacy driver is deprecated, please migrate to `esp_adc/adc_oneshot.h`[0m
[0;32mI (294) main_task: Started on CPU0[0m
[0;32mI (304) main_task: Calling app_main()[0m
ADC Value: 0
ADC Value: 0
ADC Value: 0
ADC Value: 0
ADC Value: 0
ADC Value: 0
ADC Value: 0
ADC Value: 0
ADC Value: 0
ADC Value: 0
ADC Value: 0
ADC Value: 0
ADC Value: 0
ADC Value: 0
ADC Value: 0
ADC Value: 0
ADC Value: 0
ADC Value: 0
ADC Value: 0
ADC Value: 0
ADC Value: 0
ADC Value: 0
ADC Value: 0
ADC Value: 0
ADC Value: 0
ADC Value: 0
ADC Value: 0
ADC Value: 0
ADC Value: 0
ADC Value: 0
ADC Value: 0
ADC Value: 0
ADC Value: 0
ADC Value: 0
ADC Value: 0
ADC Value: 0
ADC Value: 0
ADC Value: 0
ADC Value: 0
ADC Value: 0
ADC Value: 0
ADC Value: 0
ADC Value: 0
ADC Value: 0
ADC Value: 0
ADC Value: 0
ADC Value: 0
ADC Value: 0
ADC Value: 0
ADC Value: 0
ADC Value: 0
ADC Value: 0
ADC Value: 0
ADC Value: 0
ADC Value: 0
ADC Value: 0
ADC Value: 0
ADC Value: 0
ADC Value: 0
ADC Value: 0
ADC Value: 0
ADC Value: 0
ADC Value: 0
ADC Value: 0
ADC Value: 0
ADC Value: 0
ADC Value: 0
ADC Value: 0
ADC Value: 0
ADC Value: 0
ADC Value: 0
ADC Value: 0
ADC Value: 0
ADC Value: 0
ADC Value: 0
ADC Value: 0
ADC Value: 0
ADC Value: 0
ADC Value: 0
ADC Value: 0
ADC Value: 0
ADC Value: 0
ADC Value: 0
ADC Value: 0
ADC Value: 0
ADC Value: 0
ADC Value: 0
ADC Value: 0
ADC Value: 0
ADC Value: 0
ADC Value: 0
ADC Value: 0
ADC Value: 0
ADC Value: 0
ADC Value: 0
ADC Value: 0
ADC Value: 0
ADC Value: 0
ADC Value: 0
ADC Value: 0
ADC Value: 0
ADC Value: 0
ADC Value: 0
ADC Value: 0
ADC Value: 0
ADC Value: 0
ADC Value: 0
ADC Value: 0
ADC Value: 0
ADC Value: 0
ADC Value: 0
ADC Value: 0
ADC Value: 0
ADC Value: 0
ADC Value: 0
ADC Value: 0
ADC Value: 0
ADC Value: 0
ADC Value: 0
ADC Value: 0
ADC Value: 0
ADC Value: 0
ADC Value: 0
ADC Value: 0
ADC Value: 0
ADC Value: 0
ADC Value: 0
ADC Value: 0
ADC Value: 0
ADC Value: 0
ADC Value: 0
ADC Value: 0
ADC Value: 0
ADC Value: 0
ADC Value: 0
ADC Value: 0
ADC Value: 0
ADC Value: 0
ADC Value: 0
ADC Value: 0
ADC Value: 0
ADC Value: 0
ADC Value: 0
ADC Value: 0
ADC Value: 0
ADC Value: 0
ADC Value: 0
ADC Value: 0
ADC Value: 0
ADC Value: 0
ADC Value: 0
ADC Value: 0
ADC Value: 0
ADC Value: 0
ADC Value: 0
ADC Value: 0
ADC Value: 0
ADC Value: 0
ADC Value: 0
ADC Value: 0
ADC Value: 0
ADC Value: 0
ADC Value: 0
ADC Value: 0
ADC Value: 0
ADC Value: 0
ADC Value: 0
ADC Value: 0
ADC Value: 0
ADC Value: 0
ADC Value: 0
ADC Value: 0
ADC Value: 0
ADC Value: 0
ADC Value: 0
ADC Value: 0
ADC Value: 0
ADC Value: 0
ADC Value: 0
ADC Value: 0
ADC Value: 0
ADC Value: 0
ADC Value: 0
ADC Value: 0
ADC Value: 0
ADC Value: 0
ADC Value: 0
ADC Value: 0
ADC Value: 0
ADC Value: 0
ADC Value: 0
ADC Value: 0
ADC Value: 0
ADC Value: 0
ADC Value: 0
ADC Value: 0
ADC Value: 0
ADC Value: 0
ADC Value: 0
ADC Value: 0
ADC Value: 0
ADC Value: 0
ADC Value: 0
ADC Value: 0
ADC Value: 0
ADC Value: 0
ADC Value: 0
ADC Value: 0
ADC Value: 0
ADC Value: 0
ADC Value: 0
ADC Value: 0
ADC Value: 0
ADC Value: 0
ADC Value: 0
ADC Value: 0
ADC Value: 0
ADC Value: 0
ADC Value: 0
ADC Value: 0
ADC Value: 0
ADC Value: 0
ADC Value: 0
ADC Value: 0
ADC Value: 0
ADC Value: 0
ADC Value: 0
ADC Value: 0
ADC Value: 0
ADC Value: 0
ADC Value: 0
ADC Value: 0
ADC Value: 0
ADC Value: 0
ADC Value: 0
ADC Value: 0
ADC Value: 0
ADC Value: 0
ADC Value: 0
ADC Value: 0
ADC Value: 0
ADC Value: 0
ADC Value: 0
ADC Value: 0
ADC Value: 0
ADC Value: 0
ADC Value: 0
ADC Value: 0
ADC Value: 0
ADC Value: 0
ADC Value: 0
ADC Value: 0
ADC Value: 0
ADC Value: 0
ADC Value: 0
ADC Value: 0
ADC Value: 0
ADC Value: 0
ADC Value: 0
ADC Value: 0
ADC Value: 0
ADC Value: 0
ADC Value: 0
ADC Value: 0
ADC Value: 0
ADC Value: 0
ADC Value: 0
ADC Value: 0
ADC Value: 0
ADC Value: 0
ADC Value: 0
ADC Value: 0
ADC Value: 0
ADC Value: 0
ADC Value: 0
ADC Value: 0
ADC Value: 0
ADC Value: 0
ADC Value: 0
ADC Value: 0
ADC Value: 0
ADC Value: 0
ADC Value: 0
ADC Value: 0
ADC Value: 0
