&ï¿½+
Bï¿½ï¿½Jï¿½ï¿½ï¿½ï¿½ chip revision: v3.0[0m
[0;32mIï¿½ets Jul 29 2019 12:21:46

rst:0x1 (POWERON_RESET),boot:0x13 (SPI_FAST_FLASH_BOOT)
configsip: 0, SPIWP:0xee
clk_drv:0x00,q_drv:0x00,d_drv:0x00,cs0_drv:0x00,hd_drv:0x00,wp_drv:0x00
mode:DIO, clock div:2
load:0x3fff0030,len:7176
load:0x40078000,len:15564
ho 0 tail 12 room 4
load:0x40080400,len:4
load:0x40080404,len:3904
entry 0x40080640
[0;32mI (31) boot: ESP-IDF v5.3-dirty 2nd stage bootloader[0m
[0;32mI (31) boot: compile time Sep  9 2024 17:28:47[0m
[0;32mI (31) boot: Multicore bootloader[0m
[0;32mI (36) boot: chip revision: v3.0[0m
[0;32mI (40) boot.esp32: SPI Speed      : 40MHz[0m
[0;32mI (44) boot.esp32: SPI Mode       : DIO[0m
[0;32mI (49) boot.esp32: SPI Flash Size : 2MB[0m
[0;32mI (53) boot: Enabling RNG early entropy source...[0m
[0;32mI (59) boot: Partition Table:[0m
[0;32mI (62) boot: ## Label            Usage          Type ST Offset   Length[0m
[0;32mI (70) boot:  0 nvs              WiFi data        01 02 00009000 00006000[0m
[0;32mI (77) boot:  1 phy_init         RF data          01 01 0000f000 00001000[0m
[0;32mI (84) boot:  2 factory          factory app      00 00 00010000 00100000[0m
[0;32mI (92) boot: End of partition table[0m
[0;32mI (96) esp_image: segment 0: paddr=00010020 vaddr=3f400020 size=0aa58h ( 43608) map[0m
[0;32mI (120) esp_image: segment 1: paddr=0001aa80 vaddr=3ffb0000 size=02384h (  9092) load[0m
[0;32mI (123) esp_image: segment 2: paddr=0001ce0c vaddr=40080000 size=0320ch ( 12812) load[0m
[0;32mI (130) esp_image: segment 3: paddr=00020020 vaddr=400d0020 size=15b40h ( 88896) map[0m
[0;32mI (164) esp_image: segment 4: paddr=00035b68 vaddr=4008320c size=0ade4h ( 44516) load[0m
[0;32mI (189) boot: Loaded app from partition at offset 0x10000[0m
[0;32mI (189) boot: Disabling RNG early entropy source...[0m
[0;32mI (201) cpu_start: Multicore app[0m
[0;32mI (209) cpu_start: Pro cpu start user code[0m
[0;32mI (209) cpu_start: cpu freq: 160000000 Hz[0m
[0;32mI (210) app_init: Application information:[0m
[0;32mI (212) app_init: Project name:     scan[0m
[0;32mI (217) app_init: App version:      3f7272a-dirty[0m
[0;32mI (222) app_init: Compile time:     Sep  9 2024 17:26:37[0m
[0;32mI (228) app_init: ELF file SHA256:  28bfb9b32...[0m
[0;32mI (234) app_init: ESP-IDF:          v5.3-dirty[0m
[0;32mI (239) efuse_init: Min chip rev:     v0.0[0m
[0;32mI (244) efuse_init: Max chip rev:     v3.99 [0m
[0;32mI (248) efuse_init: Chip rev:         v3.0[0m
[0;32mI (254) heap_init: Initializing. RAM available for dynamic allocation:[0m
[0;32mI (261) heap_init: At 3FFAE6E0 len 00001920 (6 KiB): DRAM[0m
[0;32mI (267) heap_init: At 3FFB2C58 len 0002D3A8 (180 KiB): DRAM[0m
[0;32mI (273) heap_init: At 3FFE0440 len 00003AE0 (14 KiB): D/IRAM[0m
[0;32mI (279) heap_init: At 3FFE4350 len 0001BCB0 (111 KiB): D/IRAM[0m
[0;32mI (286) heap_init: At 4008E000 len 00012000 (72 KiB): IRAM[0m
[0;32mI (293) spi_flash: detected chip: generic[0m
[0;32mI (296) spi_flash: flash io: dio[0m
[0;33mW (300) spi_flash: Detected size(4096k) larger than the size in the binary image header(2048k). Using the size in the binary image header.[0m
[0;33mW (313) i2c: This driver is an old driver, please migrate your application code to adapt `driver/i2c_master.h`[0m
[0;32mI (325) main_task: Started on CPU0[0m
[0;32mI (335) main_task: Calling app_main()[0m
     0  1  2  3  4  5  6  7  8  9  a  b  c  d  e  f
00:         [0;32mI (335) main_task: Returned from app_main()[0m
 -- -- -- -- -- -- -- -- -- -- -- -- --
10: -- -- -- -- -- -- -- -- -- -- -- -- -- -- -- --
20: -- -- -- -- -- -- -- -- -- -- -- -- -- -- -- --
30: -- -- -- -- -- -- -- -- -- -- -- -- -- -- -- --
40: -- -- -- -- -- -- -- -- -- -- -- -- -- -- -- --
50: -- -- -- -- -- -- -- -- -- -- -- -- -- -- -- --
60: -- -- -- -- -- -- -- -- -- -- -- -- -- -- -- --
70: -- -- -- -- -- --address: 76 --
Executing action: app-flash
Running ninja in directory D:\Nidhi\ESP32\6_I2C\1_scan_device\build
Executing "ninja app-flash"...
[1/7] Building C object esp-idf/main/CMakeFiles/__idf_main.dir/scan.c.obj
[2/7] Linking C static library esp-idf\main\libmain.a
[3/7] Generating ld/sections.ld
[4/7] Linking CXX executable scan.elf
[5/7] Generating binary image from built executable
esptool.py v4.8.dev5
Creating esp32 image...
Merged 2 ELF sections
Successfully created esp32 image.
Generated D:/Nidhi/ESP32/6_I2C/1_scan_device/build/scan.bin
[6/7] cmd.exe /C "cd /D D:\Nidhi\ESP32\6_I2C\1_scan_device\build\esp-idf\esptool_py && C:\Users\DNK133\.espressif\python_env\idf5.3_py3.11_env\Scripts\python.exe C:/Users/DNK133/ESP/v5.3/esp-idf/components/partition_table/check_sizes.py --offset 0x8000 partition --type app D:/Nidhi/ESP32/6_I2C/1_scan_device/build/partition_table/partition-table.bin D:/Nidhi/ESP32/6_I2C/1_scan_device/build/scan.bin"
scan.bin binary size 0x30970 bytes. Smallest app partition is 0x100000 bytes. 0xcf690 bytes (81%) free.
[6/7] cmd.exe /C "cd /D C:\Users\DNK133\ESP\v5.3\esp-idf\components\esptool_py && C:\Users\DNK133\.espesptool.py --chip esp32 -p COM3 -b 460800 --before=default_reset --after=hard_reset write_flash --flash_mode dio --flash_freq 40m --flash_size 2MB 0x10000 scan.bin
esptool.py v4.8.dev5
Serial port COM3
Connecting.........
Chip is ESP32-D0WD-V3 (revision v3.0)
Features: WiFi, BT, Dual Core, 240MHz, VRef calibration in efuse, Coding Scheme None
Crystal is 40MHz
MAC: c8:f0:9e:50:58:5c
Uploading stub...
Running stub...
Stub running...
Changing baud rate to 460800
Changed.
Configuring flash size...
Flash will be erased from 0x00010000 to 0x00040fff...
Compressed 199024 bytes to 106030...
Writing at 0x00010000... (14 %)
Writing at 0x0001cea1... (28 %)
Writing at 0x000229b0... (42 %)
Writing at 0x0002881e... (57 %)
Writing at 0x000301d3... (71 %)
Writing at 0x00037878... (85 %)
Writing at 0x0003dca6... (100 %)
Wrote 199024 bytes (106030 compressed) at 0x00010000 in 2.7 seconds (effective 598.4 kbit/s)...
Hash of data verified.

Leaving...
Hard resetting via RTS pin...
ressif\tools\cmake\3.24.0\bin\cmake.exe -D IDF_PATH=C:/Users/DNK133/ESP/v5.3/esp-idf -D SERIAL_TOOL=C:/Users/DNK133/.espressif/python_env/idf5.3_py3.11_env/Scripts/python.exe;;C:/Users/DNK133/ESP/v5.3/esp-idf/components/esptool_py/esptool/esptool.py;--chip;esp32 -D SERIAL_TOOL_ARGS=--before=default_reset;--after=hard_reset;write_flash;@app-flash_args -D WORKING_DIRECTORY=D:/Nidhi/ESP32/6_I2C/1_scan_device/build -P C:/Users/DNK133/ESP/v5.3/esp-idf/components/esptool_py/run_serial_tool.cmake"
Done
Hhï¿½Úšï¿½j%ï¿½(36) boot: chip revision: v3.0[0m
[ï¿½ets Jul 29 2019 12:21:46

rst:0x1 (POWERON_RESET),boot:0x13 (SPI_FAST_FLASH_BOOT)
configsip: 0, SPIWP:0xee
clk_drv:0x00,q_drv:0x00,d_drv:0x00,cs0_drv:0x00,hd_drv:0x00,wp_drv:0x00
mode:DIO, clock div:2
load:0x3fff0030,len:7176
load:0x40078000,len:15564
ho 0 tail 12 room 4
load:0x40080400,len:4
load:0x40080404,len:3904
entry 0x40080640
[0;32mI (31) boot: ESP-IDF v5.3-dirty 2nd stage bootloader[0m
[0;32mI (31) boot: compile time Sep  9 2024 17:28:47[0m
[0;32mI (31) boot: Multicore bootloader[0m
[0;32mI (36) boot: chip revision: v3.0[0m
[0;32mI (40) boot.esp32: SPI Speed      : 40MHz[0m
[0;32mI (44) boot.esp32: SPI Mode       : DIO[0m
[0;32mI (49) boot.esp32: SPI Flash Size : 2MB[0m
[0;32mI (53) boot: Enabling RNG early entropy source...[0m
[0;32mI (59) boot: Partition Table:[0m
[0;32mI (62) boot: ## Label            Usage          Type ST Offset   Length[0m
[0;32mI (70) boot:  0 nvs              WiFi data        01 02 00009000 00006000[0m
[0;32mI (77) boot:  1 phy_init         RF data          01 01 0000f000 00001000[0m
[0;32mI (84) boot:  2 factory          factory app      00 00 00010000 00100000[0m
[0;32mI (92) boot: End of partition table[0m
[0;32mI (96) esp_image: segment 0: paddr=00010020 vaddr=3f400020 size=0aa58h ( 43608) map[0m
[0;32mI (120) esp_image: segment 1: paddr=0001aa80 vaddr=3ffb0000 size=02384h (  9092) load[0m
[0;32mI (123) esp_image: segment 2: paddr=0001ce0c vaddr=40080000 size=0320ch ( 12812) load[0m
[0;32mI (130) esp_image: segment 3: paddr=00020020 vaddr=400d0020 size=15b40h ( 88896) map[0m
[0;32mI (164) esp_image: segment 4: paddr=00035b68 vaddr=4008320c size=0ade4h ( 44516) load[0m
[0;32mI (189) boot: Loaded app from partition at offset 0x10000[0m
[0;32mI (189) boot: Disabling RNG early entropy source...[0m
[0;32mI (201) cpu_start: Multicore app[0m
[0;32mI (209) cpu_start: Pro cpu start user code[0m
[0;32mI (209) cpu_start: cpu freq: 160000000 Hz[0m
[0;32mI (210) app_init: Application information:[0m
[0;32mI (212) app_init: Project name:     scan[0m
[0;32mI (217) app_init: App version:      3f7272a-dirty[0m
[0;32mI (222) app_init: Compile time:     Sep  9 2024 17:26:37[0m
[0;32mI (228) app_init: ELF file SHA256:  d77be1056...[0m
[0;32mI (234) app_init: ESP-IDF:          v5.3-dirty[0m
[0;32mI (239) efuse_init: Min chip rev:     v0.0[0m
[0;32mI (244) efuse_init: Max chip rev:     v3.99 [0m
[0;32mI (248) efuse_init: Chip rev:         v3.0[0m
[0;32mI (254) heap_init: Initializing. RAM available for dynamic allocation:[0m
[0;32mI (261) heap_init: At 3FFAE6E0 len 00001920 (6 KiB): DRAM[0m
[0;32mI (267) heap_init: At 3FFB2C58 len 0002D3A8 (180 KiB): DRAM[0m
[0;32mI (273) heap_init: At 3FFE0440 len 00003AE0 (14 KiB): D/IRAM[0m
[0;32mI (279) heap_init: At 3FFE4350 len 0001BCB0 (111 KiB): D/IRAM[0m
[0;32mI (286) heap_init: At 4008E000 len 00012000 (72 KiB): IRAM[0m
[0;32mI (293) spi_flash: detected chip: generic[0m
[0;32mI (296) spi_flash: flash io: dio[0m
[0;33mW (300) spi_flash: Detected size(4096k) larger than the size in the binary image header(2048k). Using the size in the binary image header.[0m
[0;33mW (313) i2c: This driver is an old driver, please migrate your application code to adapt `driver/i2c_master.h`[0m
[0;32mI (325) main_task: Started on CPU0[0m
[0;32mI (335) main_task: Calling app_main()[0m
     0  1  2  3  4  5  6  7  8  9  a  b  c  d  e  f
00:         [0;32mI (335) main_task: Returned from app_main()[0m
 -- -- -- -- -- -- -- -- -- -- -- -- --
10: -- -- -- -- -- -- -- -- -- -- -- -- -- -- -- --
20: -- -- -- -- -- -- -- -- -- -- -- -- -- -- -- --
30: -- -- -- -- -- -- -- -- -- -- -- -- -- -- -- --
40: -- -- -- -- -- -- -- -- -- -- -- -- -- -- -- --
50: -- -- -- -- -- -- -- -- -- -- -- -- -- -- -- --
60: -- -- -- -- -- -- -- -- -- -- -- -- -- -- -- --
70: -- -- -- -- -- --address: 0x76 --
Executing action: app-flash
Running ninja in directory D:\Nidhi\ESP32\6_I2C\1_scan_device\build
Executing "ninja app-flash"...
[1/7] Building C object esp-idf/main/CMakeFiles/__idf_main.dir/scan.c.obj
[2/7] Linking C static library esp-idf\main\libmain.a
[3/7] Generating ld/sections.ld
[4/7] Linking CXX executable scan.elf
[5/7] Generating binary image from built executable
esptool.py v4.8.dev5
Creating esp32 image...
Merged 2 ELF sections
Successfully created esp32 image.
Generated D:/Nidhi/ESP32/6_I2C/1_scan_device/build/scan.bin
[6/7] cmd.exe /C "cd /D D:\Nidhi\ESP32\6_I2C\1_scan_device\build\esp-idf\esptool_py && C:\Users\DNK133\.espressif\python_env\idf5.3_py3.11_env\Scripts\python.exe C:/Users/DNK133/ESP/v5.3/esp-idf/components/partition_table/check_sizes.py --offset 0x8000 partition --type app D:/Nidhi/ESP32/6_I2C/1_scan_device/build/partition_table/partition-table.bin D:/Nidhi/ESP32/6_I2C/1_scan_device/build/scan.bin"
scan.bin binary size 0x30960 bytes. Smallest app partition is 0x100000 bytes. 0xcf6a0 bytes (81%) free.
[6/7] cmd.exe /C "cd /D C:\Users\DNK133\ESP\v5.3\esp-idf\components\esptool_py && C:\Users\DNK133\.espesptool.py --chip esp32 -p COM3 -b 460800 --before=default_reset --after=hard_reset write_flash --flash_mode dio --flash_freq 40m --flash_size 2MB 0x10000 scan.bin
esptool.py v4.8.dev5
Serial port COM3
Connecting.....
Chip is ESP32-D0WD-V3 (revision v3.0)
Features: WiFi, BT, Dual Core, 240MHz, VRef calibration in efuse, Coding Scheme None
Crystal is 40MHz
MAC: c8:f0:9e:50:58:5c
Uploading stub...
Running stub...
Stub running...
Changing baud rate to 460800
Changed.
Configuring flash size...
Flash will be erased from 0x00010000 to 0x00040fff...
Compressed 199008 bytes to 106011...
Writing at 0x00010000... (14 %)
Writing at 0x0001cec6... (28 %)
Writing at 0x000229b5... (42 %)
Writing at 0x0002882a... (57 %)
Writing at 0x000301e5... (71 %)
Writing at 0x00037882... (85 %)
Writing at 0x0003dcaa... (100 %)
Wrote 199008 bytes (106011 compressed) at 0x00010000 in 2.7 seconds (effective 600.5 kbit/s)...
Hash of data verified.

Leaving...
Hard resetting via RTS pin...
ressif\tools\cmake\3.24.0\bin\cmake.exe -D IDF_PATH=C:/Users/DNK133/ESP/v5.3/esp-idf -D SERIAL_TOOL=C:/Users/DNK133/.espressif/python_env/idf5.3_py3.11_env/Scripts/python.exe;;C:/Users/DNK133/ESP/v5.3/esp-idf/components/esptool_py/esptool/esptool.py;--chip;esp32 -D SERIAL_TOOL_ARGS=--before=default_reset;--after=hard_reset;write_flash;@app-flash_args -D WORKING_DIRECTORY=D:/Nidhi/ESP32/6_I2C/1_scan_device/build -P C:/Users/DNK133/ESP/v5.3/esp-idf/components/esptool_py/run_serial_tool.cmake"
Done

[0;32mI (36) boot: chip revision: v3.0[0m
[0;3ï¿½ets Jul 29 2019 12:21:46

rst:0x1 (POWERON_RESET),boot:0x13 (SPI_FAST_FLASH_BOOT)
configsip: 0, SPIWP:0xee
clk_drv:0x00,q_drv:0x00,d_drv:0x00,cs0_drv:0x00,hd_drv:0x00,wp_drv:0x00
mode:DIO, clock div:2
load:0x3fff0030,len:7176
load:0x40078000,len:15564
ho 0 tail 12 room 4
load:0x40080400,len:4
load:0x40080404,len:3904
entry 0x40080640
[0;32mI (31) boot: ESP-IDF v5.3-dirty 2nd stage bootloader[0m
[0;32mI (31) boot: compile time Sep  9 2024 17:28:47[0m
[0;32mI (31) boot: Multicore bootloader[0m
[0;32mI (36) boot: chip revision: v3.0[0m
[0;32mI (40) boot.esp32: SPI Speed      : 40MHz[0m
[0;32mI (44) boot.esp32: SPI Mode       : DIO[0m
[0;32mI (49) boot.esp32: SPI Flash Size : 2MB[0m
[0;32mI (53) boot: Enabling RNG early entropy source...[0m
[0;32mI (59) boot: Partition Table:[0m
[0;32mI (62) boot: ## Label            Usage          Type ST Offset   Length[0m
[0;32mI (70) boot:  0 nvs              WiFi data        01 02 00009000 00006000[0m
[0;32mI (77) boot:  1 phy_init         RF data          01 01 0000f000 00001000[0m
[0;32mI (84) boot:  2 factory          factory app      00 00 00010000 00100000[0m
[0;32mI (92) boot: End of partition table[0m
[0;32mI (96) esp_image: segment 0: paddr=00010020 vaddr=3f400020 size=0aa48h ( 43592) map[0m
[0;32mI (120) esp_image: segment 1: paddr=0001aa70 vaddr=3ffb0000 size=02384h (  9092) load[0m
[0;32mI (123) esp_image: segment 2: paddr=0001cdfc vaddr=40080000 size=0321ch ( 12828) load[0m
[0;32mI (130) esp_image: segment 3: paddr=00020020 vaddr=400d0020 size=15b40h ( 88896) map[0m
[0;32mI (164) esp_image: segment 4: paddr=00035b68 vaddr=4008321c size=0add4h ( 44500) load[0m
[0;32mI (189) boot: Loaded app from partition at offset 0x10000[0m
[0;32mI (189) boot: Disabling RNG early entropy source...[0m
[0;32mI (201) cpu_start: Multicore app[0m
[0;32mI (209) cpu_start: Pro cpu start user code[0m
[0;32mI (209) cpu_start: cpu freq: 160000000 Hz[0m
[0;32mI (209) app_init: Application information:[0m
[0;32mI (212) app_init: Project name:     scan[0m
[0;32mI (217) app_init: App version:      3f7272a-dirty[0m
[0;32mI (222) app_init: Compile time:     Sep  9 2024 17:26:37[0m
[0;32mI (228) app_init: ELF file SHA256:  9901fb8ec...[0m
[0;32mI (234) app_init: ESP-IDF:          v5.3-dirty[0m
[0;32mI (239) efuse_init: Min chip rev:     v0.0[0m
[0;32mI (244) efuse_init: Max chip rev:     v3.99 [0m
[0;32mI (248) efuse_init: Chip rev:         v3.0[0m
[0;32mI (254) heap_init: Initializing. RAM available for dynamic allocation:[0m
[0;32mI (261) heap_init: At 3FFAE6E0 len 00001920 (6 KiB): DRAM[0m
[0;32mI (267) heap_init: At 3FFB2C58 len 0002D3A8 (180 KiB): DRAM[0m
[0;32mI (273) heap_init: At 3FFE0440 len 00003AE0 (14 KiB): D/IRAM[0m
[0;32mI (279) heap_init: At 3FFE4350 len 0001BCB0 (111 KiB): D/IRAM[0m
[0;32mI (286) heap_init: At 4008E000 len 00012000 (72 KiB): IRAM[0m
[0;32mI (293) spi_flash: detected chip: generic[0m
[0;32mI (296) spi_flash: flash io: dio[0m
[0;33mW (300) spi_flash: Detected size(4096k) larger than the size in the binary image header(2048k). Using the size in the binary image header.[0m
[0;33mW (313) i2c: This driver is an old driver, please migrate your application code to adapt `driver/i2c_master.h`[0m
[0;32mI (325) main_task: Started on CPU0[0m
[0;32mI (335) main_task: Calling app_main()[0m
     0  1  2  3  4  5  6  7  8  9  a  b  c  d  e  f
00:         [0;32mI (335) main_task: Returned from app_main()[0m
 -- -- -- -- -- -- -- -- -- -- -- -- --
10: -- -- -- -- -- -- -- -- -- -- -- -- -- -- -- --
20: -- -- -- -- -- -- -- -- -- -- -- -- -- -- -- --
30: -- -- -- -- -- -- -- -- -- -- -- -- -- -- -- --
40: -- -- -- -- -- -- -- -- -- -- -- -- -- -- -- --
50: -- -- -- -- -- -- -- -- -- -- -- -- -- -- -- --
60: -- -- -- -- -- -- -- -- -- -- -- -- -- -- -- --
ets Jul 29 2019 12:21:46

rst:0x7 (TG0WDT_SYS_RESET),boot:0x13 (SPI_FAST_FLASH_BOOT)
configsip: 0, SPIWP:0xee
clk_drv:0x00,q_drv:0x00,d_drv:0x00,cs0_drv:0x00,hd_drv:0x00,wp_drv:0x00
mode:DIO, clock div:2
load:0x3fff0030,len:7176
load:0x40078000,len:15564
ho 0 tail 12 room 4
load:0x40080400,len:4
load:0x40080404,len:3904
entry 0x40080640
[0;32mI (62) boot: ESP-IDF v5.3-dirty 2nd stage bootloader[0m
[0;32mI (62) boot: compile time Sep  9 2024 17:28:47[0m
[0;32mI (62) boot: Multicore bootloader[0m
[0;32mI (67) boot: chip revision: v3.0[0m
[0;32mI (71) boot.esp32: SPI Speed      : 40MHz[0m
[0;32mI (75) boot.esp32: SPI Mode       : DIO[0m
[0;32mI (80) boot.esp32: SPI Flash Size : 2MB[0m
[0;33mW (84) boot.esp32: PRO CPU has been reset by WDT.[0m
[0;33mW (90) boot.esp32: WDT reset info: PRO CPU PC=0x40082e87[0m
[0;33mW (96) boot.esp32: WDT reset info: APP CPU PC=0x4008496e (waiti mode)[0m
[0;32mI (103) boot: Enabling RNG early entropy source...[0m
[0;32mI (108) boot: Partition Table:[0m
[0;32mI (112) boot: ## Label            Usage          Type ST Offset   Length[0m
[0;32mI (119) boot:  0 nvs              WiFi data        01 02 00009000 00006000[0m
[0;32mI (127) boot:  1 phy_init         RF data          01 01 0000f000 00001000[0m
[0;32mI (135) boot:  2 factory          factory app      00 00 00010000 00100000[0m
[0;32mI (142) boot: End of partition table[0m
[0;32mI (146) esp_image: segment 0: paddr=00010020 vaddr=3f400020 size=0aa48h ( 43592) map[0m
[0;32mI (170) esp_image: segment 1: paddr=0001aa70 vaddr=3ffb0000 size=02384h (  9092) load[0m
[0;32mI (174) esp_image: segment 2: paddr=0001cdfc vaddr=40080000 size=0321ch ( 12828) load[0m
[0;32mI (181) esp_image: segment 3: paddr=00020020 vaddr=400d0020 size=15b40h ( 88896) map[0m
[0;32mI (215) esp_image: segment 4: paddr=00035b68 vaddr=4008321c size=0add4h ( 44500) load[0m
[0;32mI (239) boot: Loaded app from partition at offset 0x10000[0m
[0;32mI (240) boot: Disabling RNG early entropy source...[0m
[0;32mI (251) cpu_start: Multicore app[0m
[0;32mI (260) cpu_start: Pro cpu start user code[0m
[0;32mI (260) cpu_start: cpu freq: 160000000 Hz[0m
[0;32mI (260) app_init: Application information:[0m
[0;32mI (263) app_init: Project name:     scan[0m
[0;32mI (267) app_init: App version:      3f7272a-dirty[0m
[0;32mI (273) app_init: Compile time:     Sep  9 2024 17:26:37[0m
[0;32mI (279) app_init: ELF file SHA256:  9901fb8ec...[0m
[0;32mI (284) app_init: ESP-IDF:          v5.3-dirty[0m
[0;32mI (289) efuse_init: Min chip rev:     v0.0[0m
[0;32mI (294) efuse_init: Max chip rev:     v3.99 [0m
[0;32mI (299) efuse_init: Chip rev:         v3.0[0m
[0;32mI (304) heap_init: Initializing. RAM available for dynamic allocation:[0m
[0;32mI (311) heap_init: At 3FFAE6E0 len 00001920 (6 KiB): DRAM[0m
[0;32mI (317) heap_init: At 3FFB2C58 len 0002D3A8 (180 KiB): DRAM[0m
[0;32mI (323) heap_init: At 3FFE0440 len 00003AE0 (14 KiB): D/IRAM[0m
[0;32mI (329) heap_init: At 3FFE4350 len 0001BCB0 (111 KiB): D/IRAM[0m
[0;32mI (336) heap_init: At 4008E000 len 00012000 (72 KiB): IRAM[0m
[0;32mI (344) spi_flash: detected chip: generic[0m
[0;32mI (347) spi_flash: flash io: dio[0m
[0;33mW (351) spi_flash: Detected size(4096k) larger than the size in the binary image header(2048k). Using the size in the binary image header.[0m
[0;33mW (364) i2c: This driver is an old driver, please migrate your application code to adapt `driver/i2c_master.h`[0m
[0;32mI (375) main_task: Started on CPU0[0m
[0;32mI (385) main_task: Calling app_main()[0m
     0  1  2  3  4  5  6  7  8  9  a  b  c  d  e  f
00:         [0;32mI (385) main_task: Returned from app_main()[0m
 -- -- -- -- -- -- -- -- -- -- -- -- --
10: -- -- -- -- -- -- -- -- -- -- -- -- -- -- -- --
20: -- -- -- -- -- -- -- -- -- -- -- -- -- -- -- --
30: -- -- -- -- -- -- -- -- -- -- -- -- -- -- -- --
40: -- -- -- -- -- -- -- -- -- -- -- -- -- -- -- --
50: -- -- -- -- -- -- -- -- -- -- -- -- -- -- -- --
60: -- -- -- -- -- -- -- -- -- -- -- -- -- -- -- --
ets Jul 29 2019 12:21:46

rst:0x7 (TG0WDT_SYS_RESET),boot:0x13 (SPI_FAST_FLASH_BOOT)
configsip: 0, SPIWP:0xee
clk_drv:0x00,q_drv:0x00,d_drv:0x00,cs0_drv:0x00,hd_drv:0x00,wp_drv:0x00
mode:DIO, clock div:2
load:0x3fff0030,len:7176
load:0x40078000,len:15564
ho 0 tail 12 room 4
load:0x40080400,len:4
load:0x40080404,len:3904
entry 0x40080640
[0;32mI (62) boot: ESP-IDF v5.3-dirty 2nd stage bootloader[0m
[0;32mI (62) boot: compile time Sep  9 2024 17:28:47[0m
[0;32mI (62) boot: Multicore bootloader[0m
[0;32mI (67) boot: chip revision: v3.0[0m
[0;32mI (71) boot.esp32: SPI Speed      : 40MHz[0m
[0;32mI (75) boot.esp32: SPI Mode       : DIO[0m
[0;32mI (80) boot.esp32: SPI Flash Size : 2MB[0m
[0;33mW (84) boot.esp32: PRO CPU has been reset by WDT.[0m
[0;33mW (90) boot.esp32: WDT reset info: PRO CPU PC=0x40082e81[0m
[0;33mW (96) boot.esp32: WDT reset info: APP CPU PC=0x4008496e (waiti mode)[0m
[0;32mI (103) boot: Enabling RNG early entropy source...[0m
[0;32mI (108) boot: Partition Table:[0m
[0;32mI (112) boot: ## Label            Usage          Type ST Offset   Length[0m
[0;32mI (119) boot:  0 nvs              WiFi data        01 02 00009000 00006000[0m
[0;32mI (127) boot:  1 phy_init         RF data          01 01 0000f000 00001000[0m
[0;32mI (135) boot:  2 factory          factory app      00 00 00010000 00100000[0m
[0;32mI (142) boot: End of partition table[0m
[0;32mI (146) esp_image: segment 0: paddr=00010020 vaddr=3f400020 size=0aa48h ( 43592) map[0m
[0;32mI (170) esp_image: segment 1: paddr=0001aa70 vaddr=3ffb0000 size=02384h (  9092) load[0m
[0;32mI (174) esp_image: segment 2: paddr=0001cdfc vaddr=40080000 size=0321ch ( 12828) load[0m
[0;32mI (181) esp_image: segment 3: paddr=00020020 vaddr=400d0020 size=15b40h ( 88896) map[0m
[0;32mI (215) esp_image: segment 4: paddr=00035b68 vaddr=4008321c size=0add4h ( 44500) load[0m
[0;32mI (239) boot: Loaded app from partition at offset 0x10000[0m
[0;32mI (240) boot: Disabling RNG early entropy source...[0m
[0;32mI (251) cpu_start: Multicore app[0m
[0;32mI (260) cpu_start: Pro cpu start user code[0m
[0;32mI (260) cpu_start: cpu freq: 160000000 Hz[0m
[0;32mI (260) app_init: Application information:[0m
[0;32mI (263) app_init: Project name:     scan[0m
[0;32mI (267) app_init: App version:      3f7272a-dirty[0m
[0;32mI (273) app_init: Compile time:     Sep  9 2024 17:26:37[0m
[0;32mI (279) app_init: ELF file SHA256:  9901fb8ec...[0m
[0;32mI (284) app_init: ESP-IDF:          v5.3-dirty[0m
[0;32mI (289) efuse_init: Min chip rev:     v0.0[0m
[0;32mI (294) efuse_init: Max chip rev:     v3.99 [0m
[0;32mI (299) efuse_init: Chip rev:         v3.0[0m
[0;32mI (304) heap_init: Initializing. RAM available for dynamic allocation:[0m
[0;32mI (311) heap_init: At 3FFAE6E0 len 00001920 (6 KiB): DRAM[0m
[0;32mI (317) heap_init: At 3FFB2C58 len 0002D3A8 (180 KiB): DRAM[0m
[0;32mI (323) heap_init: At 3FFE0440 len 00003AE0 (14 KiB): D/IRAM[0m
[0;32mI (329) heap_init: At 3FFE4350 len 0001BCB0 (111 KiB): D/IRAM[0m
[0;32mI (336) heap_init: At 4008E000 len 00012000 (72 KiB): IRAM[0m
[0;32mI (344) spi_flash: detected chip: generic[0m
[0;32mI (347) spi_flash: flash io: dio[0m
[0;33mW (351) spi_flash: Detected size(4096k) larger than the size in the binary image header(2048k). Using the size in the binary image header.[0m
[0;33mW (364) i2c: This driver is an old driver, please migrate your application code to adapt `driver/i2c_master.h`[0m
[0;32mI (375) main_task: Started on CPU0[0m
[0;32mI (385) main_task: Calling app_main()[0m
     0  1  2  3  4  5  6  7  8  9  a  b  c  d  e  f
00:         [0;32mI (385) main_task: Returned from app_main()[0m
 -- -- -- -- -- -- -- -- -- -- -- -- --
10: -- -- -- -- -- -- -- -- -- -- -- -- -- -- -- --
20: -- -- -- -- -- -- -- -- -- -- -- -- -- -- -- --
30: -- -- -- -- -- -- -- -- -- -- -- -- -- -- -- --
40: -- -- -- -- -- -- -- -- -- -- -- -- -- -- -- --
50: -- -- -- -- -- -- -- -- -- -- -- -- -- -- -- --
60: -- -- -- -- -- -- -- -- -- -- -- -- -- -- -- --
ets Jul 29 2019 12:21:46

rst:0x7 (TG0WDT_SYS_RESET),boot:0x13 (SPI_FAST_FLASH_BOOT)
configsip: 0, SPIWP:0xee
clk_drv:0x00,q_drv:0x00,d_drv:0x00,cs0_drv:0x00,hd_drv:0x00,wp_drv:0x00
mode:DIO, clock div:2
load:0x3fff0030,len:7176
load:0x40078000,len:15564
ho 0 tail 12 room 4
load:0x40080400,len:4
load:0x40080404,len:3904
entry 0x40080640
[0;32mI (62) boot: ESP-IDF v5.3-dirty 2nd stage bootloader[0m
[0;32mI (62) boot: compile time Sep  9 2024 17:28:47[0m
[0;32mI (62) boot: Multicore bootloader[0m
[0;32mI (67) boot: chip revision: v3.0[0m
[0;32mI (71) boot.esp32: SPI Speed      : 40MHz[0m
[0;32mI (75) boot.esp32: SPI Mode       : DIO[0m
[0;32mI (80) boot.esp32: SPI Flash Size : 2MB[0m
[0;33mW (84) boot.esp32: PRO CPU has been reset by WDT.[0m
[0;33mW (90) boot.esp32: WDT reset info: PRO CPU PC=0x400845c8[0m
[0;33mW (96) boot.esp32: WDT reset info: APP CPU PC=0x4008496e (waiti mode)[0m
[0;32mI (103) boot: Enabling RNG early entropy source...[0m
[0;32mI (108) boot: Partition Table:[0m
[0;32mI (112) boot: ## Label            Usage          Type ST Offset   Length[0m
[0;32mI (119) boot:  0 nvs              WiFi data        01 02 00009000 00006000[0m
[0;32mI (127) boot:  1 phy_init         RF data          01 01 0000f000 00001000[0m
[0;32mI (135) boot:  2 factory          factory app      00 00 00010000 00100000[0m
[0;32mI (142) boot: End of partition table[0m
[0;32mI (146) esp_image: segment 0: paddr=00010020 vaddr=3f400020 size=0aa48h ( 43592) map[0m
[0;32mI (170) esp_image: segment 1: paddr=0001aa70 vaddr=3ffb0000 size=02384h (  9092) load[0m
[0;32mI (174) esp_image: segment 2: paddr=0001cdfc vaddr=40080000 size=0321ch ( 12828) load[0m
[0;32mI (181) esp_image: segment 3: paddr=00020020 vaddr=400d0020 size=15b40h ( 88896) map[0m
[0;32mI (215) esp_image: segment 4: paddr=00035b68 vaddr=4008321c size=0add4h ( 44500) load[0m
[0;32mI (239) boot: Loaded app from partition at offset 0x10000[0m
[0;32mI (239) boot: Disabling RNG early entropy source...[0m
[0;32mI (251) cpu_start: Multicore app[0m
[0;32mI (260) cpu_start: Pro cpu start user code[0m
[0;32mI (260) cpu_start: cpu freq: 160000000 Hz[0m
[0;32mI (260) app_init: Application information:[0m
[0;32mI (263) app_init: Project name:     scan[0m
[0;32mI (267) app_init: App version:      3f7272a-dirty[0m
[0;32mI (273) app_init: Compile time:     Sep  9 2024 17:26:37[0m
[0;32mI (279) app_init: ELF file SHA256:  9901fb8ec...[0m
[0;32mI (284) app_init: ESP-IDF:          v5.3-dirty[0m
[0;32mI (289) efuse_init: Min chip rev:     v0.0[0m
[0;32mI (294) efuse_init: Max chip rev:     v3.99 [0m
[0;32mI (299) efuse_init: Chip rev:         v3.0[0m
[0;32mI (304) heap_init: Initializing. RAM available for dynamic allocation:[0m
[0;32mI (311) heap_init: At 3FFAE6E0 len 00001920 (6 KiB): DRAM[0m
[0;32mI (317) heap_init: At 3FFB2C58 len 0002D3A8 (180 KiB): DRAM[0m
[0;32mI (323) heap_init: At 3FFE0440 len 00003AE0 (14 KiB): D/IRAM[0m
[0;32mI (329) heap_init: At 3FFE4350 len 0001BCB0 (111 KiB): D/IRAM[0m
[0;32mI (336) heap_init: At 4008E000 len 00012000 (72 KiB): IRAM[0m
[0;32mI (344) spi_flash: detected chip: generic[0m
[0;32mI (347) spi_flash: flash io: dio[0m
[0;33mW (351) spi_flash: Detected size(4096k) larger than the size in the binary image header(2048k). Using the size in the binary image header.[0m
[0;33mW (364) i2c: This driver is an old driver, please migrate your application code to adapt `driver/i2c_master.h`[0m
[0;32mI (375) main_task: Started on CPU0[0m
[0;32mI (385) main_task: Calling app_main()[0m
     0  1  2  3  4  5  6  7  8  9  a  b  c  d  e  f
00:         [0;32mI (385) main_task: Returned from app_main()[0m
 -- -- -- -- -- -- -- -- -- -- -- -- --
10: -- -- -- -- -- -- -- -- -- -- -- -- -- -- -- --
20: -- -- -- -- -- -- -- -- -- -- -- -- -- -- -- --
30: -- -- -- -- -- -- -- -- -- -- -- -- -- -- -- --
40: -- -- -- -- -- -- -- -- -- -- -- -- -- -- -- --
50: -- -- -- -- -- -- -- -- -- -- -- -- -- -- -- --
60: -- -- -- -- -- -- -- -- -- -- -- -- -- -- -- --
